Component: ARM Compiler 5.06 update 3 (build 300) Tool: armlink [4d35c9]

==============================================================================

Section Cross References

    main.o(.text) refers to tbitmap.o(.text) for tBitmapGetFirstSet
    main.o(.text) refers to tlist.o(.text) for tListFirst
    main.o(.text) refers to switch.o(.text) for tTaskEnterCritical
    main.o(.text) refers to thooks.o(.text) for tHooksTaskSwitch
    main.o(.text) refers to tevent.o(.text) for tEventRemoveTask
    main.o(.text) refers to app.o(.text) for tInitApp
    main.o(.text) refers to tcpu.o(.text) for tSetSysTickPeriod
    main.o(.text) refers to ttask.o(.text) for tTaskInit
    main.o(.text) refers to main.o(.data) for taskPrioBitmap
    main.o(.text) refers to main.o(.bss) for taskTable
    switch.o(.emb_text) refers to main.o(.data) for currentTask
    tbitmap.o(.text) refers to tbitmap.o(.constdata) for quickFindTable
    app.o(.text) refers to ttime.o(.text) for tTaskDelay
    app.o(.text) refers to noretval__2printf.o(.text) for __2printf
    app.o(.text) refers to ttask.o(.text) for tTaskInit
    app.o(.text) refers to app.o(.data) for task1Flag
    app.o(.text) refers to app.o(.bss) for task1Env
    tcpu.o(.text) refers to system_stm32f10x.o(.text) for SystemCoreClockUpdate
    tcpu.o(.text) refers to main.o(.text) for tTaskSystemTickHandler
    tcpu.o(.text) refers to system_stm32f10x.o(.data) for SystemCoreClock
    ttask.o(.text) refers to rt_memclr_w.o(.text) for __aeabi_memclr4
    ttask.o(.text) refers to tlist.o(.text) for tNodeInit
    ttask.o(.text) refers to main.o(.text) for tTaskSchedRdy
    ttask.o(.text) refers to thooks.o(.text) for tHooksTaskInit
    ttask.o(.text) refers to switch.o(.text) for tTaskEnterCritical
    ttask.o(.text) refers to main.o(.data) for currentTask
    ttime.o(.text) refers to switch.o(.text) for tTaskEnterCritical
    ttime.o(.text) refers to main.o(.text) for tTimeTaskWait
    ttime.o(.text) refers to main.o(.data) for currentTask
    tevent.o(.text) refers to tlist.o(.text) for tListInit
    tevent.o(.text) refers to switch.o(.text) for tTaskEnterCritical
    tevent.o(.text) refers to main.o(.text) for tTaskSchedUnRdy
    startup_stm32f10x_hd.o(STACK) refers (Special) to heapauxi.o(.text) for __use_two_region_memory
    startup_stm32f10x_hd.o(HEAP) refers (Special) to heapauxi.o(.text) for __use_two_region_memory
    startup_stm32f10x_hd.o(RESET) refers (Special) to heapauxi.o(.text) for __use_two_region_memory
    startup_stm32f10x_hd.o(RESET) refers to startup_stm32f10x_hd.o(STACK) for __initial_sp
    startup_stm32f10x_hd.o(RESET) refers to startup_stm32f10x_hd.o(.text) for Reset_Handler
    startup_stm32f10x_hd.o(RESET) refers to switch.o(.emb_text) for PendSV_Handler
    startup_stm32f10x_hd.o(RESET) refers to tcpu.o(.text) for SysTick_Handler
    startup_stm32f10x_hd.o(.text) refers (Special) to heapauxi.o(.text) for __use_two_region_memory
    startup_stm32f10x_hd.o(.text) refers to system_stm32f10x.o(.text) for SystemInit
    startup_stm32f10x_hd.o(.text) refers to __main.o(!!!main) for __main
    startup_stm32f10x_hd.o(.text) refers to startup_stm32f10x_hd.o(HEAP) for Heap_Mem
    startup_stm32f10x_hd.o(.text) refers to startup_stm32f10x_hd.o(STACK) for Stack_Mem
    system_stm32f10x.o(.text) refers to system_stm32f10x.o(.data) for SystemCoreClock
    __2printf.o(.text) refers to _printf_char_file.o(.text) for _printf_char_file
    __2printf.o(.text) refers to stdio_streams.o(.bss) for __stdout
    noretval__2printf.o(.text) refers to _printf_char_file.o(.text) for _printf_char_file
    noretval__2printf.o(.text) refers to stdio_streams.o(.bss) for __stdout
    __main.o(!!!main) refers to __rtentry.o(.ARM.Collect$$rtentry$$00000000) for __rt_entry
    __rtentry.o(.ARM.Collect$$rtentry$$00000000) refers (Special) to __rtentry2.o(.ARM.Collect$$rtentry$$0000000A) for __rt_entry_li
    __rtentry.o(.ARM.Collect$$rtentry$$00000000) refers (Special) to __rtentry2.o(.ARM.Collect$$rtentry$$0000000D) for __rt_entry_main
    __rtentry.o(.ARM.Collect$$rtentry$$00000000) refers (Special) to __rtentry2.o(.ARM.Collect$$rtentry$$0000000C) for __rt_entry_postli_1
    __rtentry.o(.ARM.Collect$$rtentry$$00000000) refers (Special) to __rtentry2.o(.ARM.Collect$$rtentry$$00000009) for __rt_entry_postsh_1
    __rtentry.o(.ARM.Collect$$rtentry$$00000000) refers (Special) to __rtentry2.o(.ARM.Collect$$rtentry$$00000002) for __rt_entry_presh_1
    __rtentry.o(.ARM.Collect$$rtentry$$00000000) refers (Special) to __rtentry4.o(.ARM.Collect$$rtentry$$00000004) for __rt_entry_sh
    _printf_char_file.o(.text) refers to _printf_char_common.o(.text) for _printf_char_common
    _printf_char_file.o(.text) refers to ferror.o(.text) for ferror
    _printf_char_file.o(.text) refers to fputc.o(i.fputc) for fputc
    stdio_streams.o(.bss) refers (Special) to initio.o(.text) for _initio
    stdio_streams.o(.bss) refers (Special) to initio.o(.text) for _initio
[...]
    libinit.o(.ARM.Collect$$libinit$$00000000) refers (Special) to libinit2.o(.ARM.Collect$$libinit$$0000001F) for __rt_lib_init_fp_trap_1
    libinit.o(.ARM.Collect$$libinit$$00000000) refers (Special) to libinit2.o(.ARM.Collect$$libinit$$00000023) for __rt_lib_init_getenv_1
    libinit.o(.ARM.Collect$$libinit$$00000000) refers (Special) to libinit2.o(.ARM.Collect$$libinit$$0000000A) for __rt_lib_init_heap_1
    libinit.o(.ARM.Collect$$libinit$$00000000) refers (Special) to libinit2.o(.ARM.Collect$$libinit$$00000011) for __rt_lib_init_lc_collate_1
    libinit.o(.ARM.Collect$$libinit$$00000000) refers (Special) to libinit2.o(.ARM.Collect$$libinit$$00000013) for __rt_lib_init_lc_ctype_1
    libinit.o(.ARM.Collect$$libinit$$00000000) refers (Special) to libinit2.o(.ARM.Collect$$libinit$$00000015) for __rt_lib_init_lc_monetary_1
    libinit.o(.ARM.Collect$$libinit$$00000000) refers (Special) to libinit2.o(.ARM.Collect$$libinit$$00000017) for __rt_lib_init_lc_numeric_1
    libinit.o(.ARM.Collect$$libinit$$00000000) refers (Special) to libinit2.o(.ARM.Collect$$libinit$$00000019) for __rt_lib_init_lc_time_1
    libinit.o(.ARM.Collect$$libinit$$00000000) refers (Special) to libinit2.o(.ARM.Collect$$libinit$$00000004) for __rt_lib_init_preinit_1
    libinit.o(.ARM.Collect$$libinit$$00000000) refers (Special) to libinit2.o(.ARM.Collect$$libinit$$0000000E) for __rt_lib_init_rand_1
    libinit.o(.ARM.Collect$$libinit$$00000000) refers (Special) to libinit2.o(.ARM.Collect$$libinit$$00000033) for __rt_lib_init_return
    libinit.o(.ARM.Collect$$libinit$$00000000) refers (Special) to libinit2.o(.ARM.Collect$$libinit$$0000001D) for __rt_lib_init_signal_1
    libinit.o(.ARM.Collect$$libinit$$00000000) refers (Special) to libinit2.o(.ARM.Collect$$libinit$$00000025) for __rt_lib_init_stdio_1
    libinit.o(.ARM.Collect$$libinit$$00000000) refers (Special) to libinit2.o(.ARM.Collect$$libinit$$0000000C) for __rt_lib_init_user_alloc_1
    libinit2.o(.ARM.Collect$$libinit$$00000005) refers (Weak) to init_alloc.o(.text) for _init_alloc
    libinit2.o(.ARM.Collect$$libinit$$00000010) refers to libinit2.o(.ARM.Collect$$libinit$$0000000F) for .ARM.Collect$$libinit$$0000000F
    libinit2.o(.ARM.Collect$$libinit$$00000012) refers to libinit2.o(.ARM.Collect$$libinit$$0000000F) for .ARM.Collect$$libinit$$0000000F
    libinit2.o(.ARM.Collect$$libinit$$00000014) refers to libinit2.o(.ARM.Collect$$libinit$$0000000F) for .ARM.Collect$$libinit$$0000000F
    libinit2.o(.ARM.Collect$$libinit$$00000016) refers to libinit2.o(.ARM.Collect$$libinit$$0000000F) for .ARM.Collect$$libinit$$0000000F
    libinit2.o(.ARM.Collect$$libinit$$00000018) refers to libinit2.o(.ARM.Collect$$libinit$$0000000F) for .ARM.Collect$$libinit$$0000000F
    libinit2.o(.ARM.Collect$$libinit$$00000024) refers (Weak) to initio.o(.text) for _initio
    libinit2.o(.ARM.Collect$$libinit$$00000026) refers to argv_veneer.o(.emb_text) for __ARM_argv_veneer
    libinit2.o(.ARM.Collect$$libinit$$00000027) refers to argv_veneer.o(.emb_text) for __ARM_argv_veneer
    libshutdown2.o(.ARM.Collect$$libshutdown$$00000003) refers (Weak) to initio.o(.text) for _terminateio
    libshutdown2.o(.ARM.Collect$$libshutdown$$0000000D) refers (Weak) to term_alloc.o(.text) for _terminate_alloc
    flsbuf_fwide.o(.text) refers to flsbuf.o(.text) for __flsbuf
    libspace.o(.text) refers to libspace.o(.bss) for __libspace_start
    rtexit.o(.ARM.Collect$$rtexit$$00000000) refers (Special) to rtexit2.o(.ARM.Collect$$rtexit$$00000004) for __rt_exit_exit
    rtexit.o(.ARM.Collect$$rtexit$$00000000) refers (Special) to rtexit2.o(.ARM.Collect$$rtexit$$00000003) for __rt_exit_ls
    rtexit.o(.ARM.Collect$$rtexit$$00000000) refers (Special) to rtexit2.o(.ARM.Collect$$rtexit$$00000002) for __rt_exit_prels_1
    rtexit.o(.ARM.exidx) refers (Special) to rtexit2.o(.ARM.Collect$$rtexit$$00000004) for __rt_exit_exit
    rtexit.o(.ARM.exidx) refers (Special) to rtexit2.o(.ARM.Collect$$rtexit$$00000003) for __rt_exit_ls
    rtexit.o(.ARM.exidx) refers (Special) to rtexit2.o(.ARM.Collect$$rtexit$$00000002) for __rt_exit_prels_1
    rtexit.o(.ARM.exidx) refers to rtexit.o(.ARM.Collect$$rtexit$$00000000) for .ARM.Collect$$rtexit$$00000000
    rt_raise.o(.text) refers to __raise.o(.text) for __raise
    rt_raise.o(.text) refers to sys_exit.o(.text) for _sys_exit
    rt_heap_descriptor.o(.text) refers to rt_heap_descriptor.o(.bss) for __rt_heap_descriptor_data
    rt_heap_descriptor_intlibspace.o(.text) refers to libspace.o(.bss) for __libspace_start
    init_alloc.o(.text) refers (Special) to hguard.o(.text) for __heap$guard
    init_alloc.o(.text) refers (Special) to libinit2.o(.ARM.Collect$$libinit$$00000005) for __rt_lib_init_heap_2
    init_alloc.o(.text) refers (Special) to maybetermalloc1.o(.emb_text) for _maybe_terminate_alloc
    init_alloc.o(.text) refers to h1_extend.o(.text) for __Heap_ProvideMemory
    init_alloc.o(.text) refers to defsig_rtmem_outer.o(.text) for __rt_SIGRTMEM
    init_alloc.o(.text) refers to rt_heap_descriptor_intlibspace.o(.text) for __rt_heap_descriptor
    init_alloc.o(.text) refers to h1_init.o(.text) for __Heap_Initialize
    malloc.o(.text) refers (Special) to hguard.o(.text) for __heap$guard
    malloc.o(.text) refers (Special) to init_alloc.o(.text) for _init_alloc
    malloc.o(.text) refers to rt_heap_descriptor_intlibspace.o(.text) for __rt_heap_descriptor
    malloc.o(.text) refers to heapstubs.o(.text) for __Heap_Alloc
    h1_alloc.o(.text) refers (Special) to h1_init.o(.text) for __Heap_Initialize
    h1_alloc.o(.text) refers to rt_heap_descriptor_intlibspace.o(.text) for __rt_heap_descriptor
    h1_alloc.o(.text) refers to init_alloc.o(.text) for __Heap_Full
    h1_alloc_mt.o(.text) refers (Special) to h1_init.o(.text) for __Heap_Initialize
    h1_alloc_mt.o(.text) refers to init_alloc.o(.text) for __Heap_Full
    h1_alloc_mt.o(.text) refers to rt_heap_descriptor_intlibspace.o(.text) for __rt_heap_descriptor
    _printf_char_file_locked.o(.text) refers to _printf_char_common.o(.text) for _printf_char_common
    _printf_char_file_locked.o(.text) refers to fputc.o(i._fputc$unlocked) for _fputc$unlocked
    fseek.o(.text) refers to sys_io.o(.text) for _sys_istty
    fseek.o(.text) refers to ftell.o(.text) for _ftell_internal
    fseek.o(.text) refers to stdio.o(.text) for _seterr
    stdio.o(.text) refers to sys_io.o(.text) for _sys_seek
    fwritefast.o(.text) refers to stdio.o(.text) for _writebuf
    fwritefast.o(.text) refers to flsbuf.o(.text) for __flsbuf_byte
    fwritefast.o(.text) refers to rt_memcpy_v6.o(.text) for __aeabi_memcpy
    fwritefast_locked.o(.text) refers to stdio.o(.text) for _writebuf
    fwritefast_locked.o(.text) refers to flsbuf.o(.text) for __flsbuf_byte
    fwritefast_locked.o(.text) refers to rt_memcpy_v6.o(.text) for __aeabi_memcpy
    defsig_exit.o(.text) refers to sys_exit.o(.text) for _sys_exit
    defsig_rtred_inner.o(.text) refers to defsig_general.o(.text) for __default_signal_display
    assert_stdio.o(.text) refers to fputs.o(.text) for fputs
    assert_stdio.o(.text) refers to fflush.o(.text) for fflush
    assert_stdio.o(.text) refers to stdio_streams.o(.bss) for __stderr
    argv_veneer.o(.emb_text) refers to no_argv.o(.text) for __ARM_get_argv
    sys_exit.o(.text) refers (Special) to use_no_semi.o(.text) for __I$use$semihosting
    sys_exit.o(.text) refers (Special) to indicate_semi.o(.text) for __semihosting_library_function
    rtexit2.o(.ARM.Collect$$rtexit$$00000003) refers to libshutdown.o(.ARM.Collect$$libshutdown$$00000000) for __rt_lib_shutdown
    rtexit2.o(.ARM.Collect$$rtexit$$00000004) refers to sys_exit.o(.text) for _sys_exit
    rtexit2.o(.ARM.exidx) refers to rtexit2.o(.ARM.Collect$$rtexit$$00000001) for .ARM.Collect$$rtexit$$00000001
    rtexit2.o(.ARM.exidx) refers to rtexit2.o(.ARM.Collect$$rtexit$$00000003) for .ARM.Collect$$rtexit$$00000003
    rtexit2.o(.ARM.exidx) refers to rtexit2.o(.ARM.Collect$$rtexit$$00000004) for .ARM.Collect$$rtexit$$00000004
    maybetermalloc2.o(.emb_text) refers (Special) to term_alloc.o(.text) for _terminate_alloc
    h1_extend.o(.text) refers to h1_free.o(.text) for free
    h1_init_mt.o(.text) refers to mutex_dummy.o(.text) for _mutex_initialize
    h1_extend_mt.o(.text) refers to h1_free_mt.o(.text) for _free_internal
    fflush.o(.text) refers to stdio.o(.text) for _fflush
    fflush.o(.text) refers to fseek.o(.text) for _fseek
    fflush.o(.text) refers to stdio_streams.o(.bss) for __stdin
    fputs.o(.text) refers to fputc.o(i.fputc) for fputc
    ftell.o(.text) refers to rt_errno_addr_intlibspace.o(.text) for __aeabi_errno_addr
    fflush_locked.o(.text) refers to stdio.o(.text) for _fflush
    fflush_locked.o(.text) refers to fseek.o(.text) for _fseek
    fflush_locked.o(.text) refers to fflush.o(.text) for _do_fflush
    fflush_locked.o(.text) refers to streamlock.o(.data) for _stream_list_lock
    fflush_locked.o(.text) refers to stdio_streams.o(.bss) for __stdin
    __raise.o(.text) refers to defsig.o(CL$$defsig) for __default_signal_handler
    defsig_general.o(.text) refers to sys_wrch.o(.text) for _ttywrch
    defsig_rtmem_outer.o(.text) refers to defsig_rtmem_inner.o(.text) for __rt_SIGRTMEM_inner
    defsig_rtmem_outer.o(.text) refers to defsig_exit.o(.text) for __sig_exit
    defsig_rtmem_formal.o(.text) refers to rt_raise.o(.text) for __rt_raise
    rt_memcpy_v6.o(.text) refers to rt_memcpy_w.o(.text) for __aeabi_memcpy4
    heapauxa.o(.text) refers to heapauxa.o(.data) for .data
    _get_argv.o(.text) refers (Special) to hrguard.o(.text) for __heap_region$guard
    _get_argv.o(.text) refers to h1_alloc.o(.text) for malloc
    _get_argv.o(.text) refers to defsig_rtmem_outer.o(.text) for __rt_SIGRTMEM
    _get_argv.o(.text) refers to sys_command.o(.text) for _sys_command_string
    _get_argv_nomalloc.o(.text) refers (Special) to hrguard.o(.text) for __heap_region$guard
    _get_argv_nomalloc.o(.text) refers to defsig_rtmem_outer.o(.text) for __rt_SIGRTMEM
    _get_argv_nomalloc.o(.text) refers to sys_command.o(.text) for _sys_command_string
    sys_wrch.o(.text) refers (Special) to use_no_semi.o(.text) for __I$use$semihosting
    sys_wrch.o(.text) refers (Special) to indicate_semi.o(.text) for __semihosting_library_function
    sys_command.o(.text) refers (Special) to use_no_semi.o(.text) for __I$use$semihosting
    sys_command.o(.text) refers (Special) to indicate_semi.o(.text) for __semihosting_library_function
    rt_errno_addr.o(.text) refers to rt_errno_addr.o(.bss) for __aeabi_errno_addr_data
    rt_errno_addr_intlibspace.o(.text) refers to libspace.o(.bss) for __libspace_start
    term_alloc.o(.text) refers (Special) to libshutdown2.o(.ARM.Collect$$libshutdown$$0000000E) for __rt_lib_shutdown_heap_2
    term_alloc.o(.text) refers to rt_heap_descriptor_intlibspace.o(.text) for __rt_heap_descriptor
    term_alloc.o(.text) refers to h1_final.o(.text) for __Heap_Finalize
    defsig_rtmem_inner.o(.text) refers to defsig_general.o(.text) for __default_signal_display
    defsig.o(CL$$defsig) refers to defsig_rtred_inner.o(.text) for __rt_SIGRTRED_inner
    defsig.o(CL$$defsig) refers to defsig_rtmem_inner.o(.text) for __rt_SIGRTMEM_inner
    libshutdown.o(.ARM.Collect$$libshutdown$$00000000) refers (Special) to libshutdown2.o(.ARM.Collect$$libshutdown$$00000002) for __rt_lib_shutdown_cpp_1
    libshutdown.o(.ARM.Collect$$libshutdown$$00000000) refers (Special) to libshutdown2.o(.ARM.Collect$$libshutdown$$00000007) for __rt_lib_shutdown_fp_trap_1
    libshutdown.o(.ARM.Collect$$libshutdown$$00000000) refers (Special) to libshutdown2.o(.ARM.Collect$$libshutdown$$0000000F) for __rt_lib_shutdown_heap_1
    libshutdown.o(.ARM.Collect$$libshutdown$$00000000) refers (Special) to libshutdown2.o(.ARM.Collect$$libshutdown$$00000010) for __rt_lib_shutdown_return
    libshutdown.o(.ARM.Collect$$libshutdown$$00000000) refers (Special) to libshutdown2.o(.ARM.Collect$$libshutdown$$0000000A) for __rt_lib_shutdown_signal_1
    libshutdown.o(.ARM.Collect$$libshutdown$$00000000) refers (Special) to libshutdown2.o(.ARM.Collect$$libshutdown$$00000004) for __rt_lib_shutdown_stdio_1
    libshutdown.o(.ARM.Collect$$libshutdown$$00000000) refers (Special) to libshutdown2.o(.ARM.Collect$$libshutdown$$0000000C) for __rt_lib_shutdown_user_alloc_1
    defsig_abrt_inner.o(.text) refers to defsig_general.o(.text) for __default_signal_display
    defsig_fpe_inner.o(.text) refers to defsig_general.o(.text) for __default_signal_display
    defsig_stak_inner.o(.text) refers to defsig_general.o(.text) for __default_signal_display
    defsig_pvfn_inner.o(.text) refers to defsig_general.o(.text) for __default_signal_display
    defsig_cppl_inner.o(.text) refers to defsig_general.o(.text) for __default_signal_display
    defsig_segv_inner.o(.text) refers to defsig_general.o(.text) for __default_signal_display
    defsig_other.o(.text) refers to defsig_general.o(.text) for __default_signal_display


==============================================================================

Removing Unused input sections from the image.

    Removing main.o(.rev16_text), (4 bytes).
    Removing main.o(.revsh_text), (4 bytes).
    Removing main.o(.rrx_text), (6 bytes).
    Removing switch.o(.rev16_text), (4 bytes).
    Removing switch.o(.revsh_text), (4 bytes).
    Removing switch.o(.rrx_text), (6 bytes).
    Removing tcpu.o(.rev16_text), (4 bytes).
    Removing tcpu.o(.revsh_text), (4 bytes).
    Removing tcpu.o(.rrx_text), (6 bytes).
    Removing gpio_stm32f10x.o(.rev16_text), (4 bytes).
    Removing gpio_stm32f10x.o(.revsh_text), (4 bytes).
    Removing gpio_stm32f10x.o(.rrx_text), (6 bytes).
    Removing gpio_stm32f10x.o(.text), (704 bytes).
    Removing system_stm32f10x.o(.rev16_text), (4 bytes).
    Removing system_stm32f10x.o(.revsh_text), (4 bytes).
    Removing system_stm32f10x.o(.rrx_text), (6 bytes).

16 unused section(s) (total 774 bytes) removed from the image.

==============================================================================

Image Symbol Table

    Local Symbols

    Symbol Name                              Value     Ov Type        Size  Object(Section)

    ../clib/angel/boardlib.s                 0x00000000   Number         0  boardshut.o ABSOLUTE
    ../clib/angel/boardlib.s                 0x00000000   Number         0  boardinit1.o ABSOLUTE
    ../clib/angel/boardlib.s                 0x00000000   Number         0  boardinit2.o ABSOLUTE
    ../clib/angel/boardlib.s                 0x00000000   Number         0  boardinit3.o ABSOLUTE
    ../clib/angel/handlers.s                 0x00000000   Number         0  __scatter_copy.o ABSOLUTE
    ../clib/angel/handlers.s                 0x00000000   Number         0  __scatter_zi.o ABSOLUTE
    ../clib/angel/kernel.s                   0x00000000   Number         0  rtexit2.o ABSOLUTE
    ../clib/angel/kernel.s                   0x00000000   Number         0  __rtentry.o ABSOLUTE
    ../clib/angel/kernel.s                   0x00000000   Number         0  rtexit.o ABSOLUTE
    ../clib/angel/kernel.s                   0x00000000   Number         0  __rtentry4.o ABSOLUTE
    ../clib/angel/kernel.s                   0x00000000   Number         0  __rtentry2.o ABSOLUTE
    ../clib/angel/rt.s                       0x00000000   Number         0  rt_heap_descriptor.o ABSOLUTE
    ../clib/angel/rt.s                       0x00000000   Number         0  rt_raise.o ABSOLUTE
    ../clib/angel/rt.s                       0x00000000   Number         0  rt_errno_addr.o ABSOLUTE
    ../clib/angel/rt.s                       0x00000000   Number         0  rt_errno_addr_intlibspace.o ABSOLUTE
    ../clib/angel/rt.s                       0x00000000   Number         0  rt_heap_descriptor_intlibspace.o ABSOLUTE
    ../clib/angel/scatter.s                  0x00000000   Number         0  __scatter.o ABSOLUTE
    ../clib/angel/startup.s                  0x00000000   Number         0  __main.o ABSOLUTE
    ../clib/angel/sys.s                      0x00000000   Number         0  libspace.o ABSOLUTE
    ../clib/angel/sys.s                      0x00000000   Number         0  indicate_semi.o ABSOLUTE
    ../clib/angel/sys.s                      0x00000000   Number         0  sys_stackheap_outer.o ABSOLUTE
    ../clib/angel/sys.s                      0x00000000   Number         0  use_no_semi.o ABSOLUTE
    ../clib/angel/sys.s                      0x00000000   Number         0  mutex_dummy.o ABSOLUTE
    ../clib/angel/sysapp.c                   0x00000000   Number         0  sys_io.o ABSOLUTE
    ../clib/angel/sysapp.c                   0x00000000   Number         0  sys_exit.o ABSOLUTE
    ../clib/angel/sysapp.c                   0x00000000   Number         0  sys_wrch.o ABSOLUTE
    ../clib/angel/sysapp.c                   0x00000000   Number         0  sys_command.o ABSOLUTE
    ../clib/armsys.c                         0x00000000   Number         0  argv_veneer.o ABSOLUTE
    ../clib/armsys.c                         0x00000000   Number         0  argv_veneer.o ABSOLUTE
    ../clib/armsys.c                         0x00000000   Number         0  _get_argv_nomalloc.o ABSOLUTE
    ../clib/armsys.c                         0x00000000   Number         0  _get_argv.o ABSOLUTE
    ../clib/armsys.c                         0x00000000   Number         0  no_argv.o ABSOLUTE
    ../clib/assert.c                         0x00000000   Number         0  assert_stdio.o ABSOLUTE
    ../clib/heap1.c                          0x00000000   Number         0  h1_init_mt.o ABSOLUTE
    ../clib/heap1.c                          0x00000000   Number         0  h1_extend.o ABSOLUTE
    ../clib/heap1.c                          0x00000000   Number         0  h1_init.o ABSOLUTE
    ../clib/heap1.c                          0x00000000   Number         0  h1_extend_mt.o ABSOLUTE
    ../clib/heap1.c                          0x00000000   Number         0  h1_free_mt.o ABSOLUTE
    ../clib/heap1.c                          0x00000000   Number         0  h1_free.o ABSOLUTE
    ../clib/heap1.c                          0x00000000   Number         0  h1_final_mt.o ABSOLUTE
    ../clib/heap1.c                          0x00000000   Number         0  h1_final.o ABSOLUTE
    ../clib/heap1.c                          0x00000000   Number         0  h1_alloc.o ABSOLUTE
    ../clib/heap1.c                          0x00000000   Number         0  h1_alloc_mt.o ABSOLUTE
    ../clib/heap2.c                          0x00000000   Number         0  fdtree.o ABSOLUTE
    ../clib/heap2.c                          0x00000000   Number         0  heap2.o ABSOLUTE
    ../clib/heap2.c                          0x00000000   Number         0  heap2mt.o ABSOLUTE
    ../clib/heapalloc.c                      0x00000000   Number         0  init_alloc.o ABSOLUTE
    ../clib/heapalloc.c                      0x00000000   Number         0  hguard.o ABSOLUTE
    ../clib/heapalloc.c                      0x00000000   Number         0  hrguard.o ABSOLUTE
    ../clib/heapalloc.c                      0x00000000   Number         0  term_alloc.o ABSOLUTE
    ../clib/heapalloc.c                      0x00000000   Number         0  maybetermalloc2.o ABSOLUTE
    ../clib/heapalloc.c                      0x00000000   Number         0  maybetermalloc2.o ABSOLUTE
    ../clib/heapalloc.c                      0x00000000   Number         0  maybetermalloc1.o ABSOLUTE
    ../clib/heapalloc.c                      0x00000000   Number         0  maybetermalloc1.o ABSOLUTE
    ../clib/heapalloc.c                      0x00000000   Number         0  heapstubs.o ABSOLUTE
    ../clib/heapalloc.c                      0x00000000   Number         0  free.o ABSOLUTE
    ../clib/heapalloc.c                      0x00000000   Number         0  malloc.o ABSOLUTE
    ../clib/heapaux.c                        0x00000000   Number         0  heapauxa.o ABSOLUTE
    ../clib/heapaux.c                        0x00000000   Number         0  heapauxi.o ABSOLUTE
    ../clib/libinit.s                        0x00000000   Number         0  libinit.o ABSOLUTE
    ../clib/libinit.s                        0x00000000   Number         0  libinit2.o ABSOLUTE
    ../clib/libinit.s                        0x00000000   Number         0  libshutdown2.o ABSOLUTE
    ../clib/libinit.s                        0x00000000   Number         0  libshutdown.o ABSOLUTE
    ../clib/memcpset.s                       0x00000000   Number         0  rt_memclr_w.o ABSOLUTE
    ../clib/memcpset.s                       0x00000000   Number         0  rt_memcpy_w.o ABSOLUTE
    ../clib/memcpset.s                       0x00000000   Number         0  rt_memcpy_v6.o ABSOLUTE
    ../clib/printf.c                         0x00000000   Number         0  _printf_char_file_locked.o ABSOLUTE
    ../clib/printf.c                         0x00000000   Number         0  _printf_char_file.o ABSOLUTE
    ../clib/printf.c                         0x00000000   Number         0  _printf_char_common.o ABSOLUTE
    ../clib/printf.c                         0x00000000   Number         0  __printf_nopercent.o ABSOLUTE
    ../clib/printf.c                         0x00000000   Number         0  noretval__2printf.o ABSOLUTE
    ../clib/printf.c                         0x00000000   Number         0  __2printf.o ABSOLUTE
    ../clib/signal.c                         0x00000000   Number         0  defsig_segv_inner.o ABSOLUTE
    ../clib/signal.c                         0x00000000   Number         0  defsig_rtred_outer.o ABSOLUTE
    ../clib/signal.c                         0x00000000   Number         0  defsig_rtred_formal.o ABSOLUTE
    ../clib/signal.c                         0x00000000   Number         0  defsig_exit.o ABSOLUTE
    ../clib/signal.c                         0x00000000   Number         0  defsig_other.o ABSOLUTE
    ../clib/signal.c                         0x00000000   Number         0  defsig_cppl_inner.o ABSOLUTE
    ../clib/signal.c                         0x00000000   Number         0  defsig_pvfn_inner.o ABSOLUTE
    ../clib/signal.c                         0x00000000   Number         0  defsig_stak_inner.o ABSOLUTE
    ../clib/signal.c                         0x00000000   Number         0  defsig_fpe_inner.o ABSOLUTE
    ../clib/signal.c                         0x00000000   Number         0  defsig_rtmem_inner.o ABSOLUTE
    ../clib/signal.c                         0x00000000   Number         0  defsig_general.o ABSOLUTE
    ../clib/signal.c                         0x00000000   Number         0  defsig_rtmem_formal.o ABSOLUTE
    ../clib/signal.c                         0x00000000   Number         0  defsig_rtmem_outer.o ABSOLUTE
    ../clib/signal.c                         0x00000000   Number         0  defsig_abrt_inner.o ABSOLUTE
    ../clib/signal.c                         0x00000000   Number         0  __raise.o ABSOLUTE
    ../clib/signal.c                         0x00000000   Number         0  defsig_rtred_inner.o ABSOLUTE
    ../clib/signal.s                         0x00000000   Number         0  defsig.o ABSOLUTE
    ../clib/stdio.c                          0x00000000   Number         0  fputc.o ABSOLUTE
    ../clib/stdio.c                          0x00000000   Number         0  ftell.o ABSOLUTE
    ../clib/stdio.c                          0x00000000   Number         0  streamlock.o ABSOLUTE
    ../clib/stdio.c                          0x00000000   Number         0  fputs_locked.o ABSOLUTE
    ../clib/stdio.c                          0x00000000   Number         0  fopen.o ABSOLUTE
    ../clib/stdio.c                          0x00000000   Number         0  fflush_locked.o ABSOLUTE
    ../clib/stdio.c                          0x00000000   Number         0  initio.o ABSOLUTE
    ../clib/stdio.c                          0x00000000   Number         0  fclose.o ABSOLUTE
    ../clib/stdio.c                          0x00000000   Number         0  ferror_locked.o ABSOLUTE
    ../clib/stdio.c                          0x00000000   Number         0  fseek.o ABSOLUTE
    ../clib/stdio.c                          0x00000000   Number         0  initio_locked.o ABSOLUTE
    ../clib/stdio.c                          0x00000000   Number         0  setvbuf_locked.o ABSOLUTE
    ../clib/stdio.c                          0x00000000   Number         0  fputs.o ABSOLUTE
    ../clib/stdio.c                          0x00000000   Number         0  stdio.o ABSOLUTE
    ../clib/stdio.c                          0x00000000   Number         0  fflush.o ABSOLUTE
    ../clib/stdio.c                          0x00000000   Number         0  fopen_locked.o ABSOLUTE
    ../clib/stdio.c                          0x00000000   Number         0  fputc_locked.o ABSOLUTE
    ../clib/stdio.c                          0x00000000   Number         0  stdio_streams.o ABSOLUTE
    ../clib/stdio.c                          0x00000000   Number         0  fwritefast.o ABSOLUTE
    ../clib/stdio.c                          0x00000000   Number         0  ferror.o ABSOLUTE
    ../clib/stdio.c                          0x00000000   Number         0  flsbuf.o ABSOLUTE
    ../clib/stdio.c                          0x00000000   Number         0  fwritefast_locked.o ABSOLUTE
    ../clib/stdio.c                          0x00000000   Number         0  setvbuf.o ABSOLUTE
    ../clib/stdlib.c                         0x00000000   Number         0  exit.o ABSOLUTE
    ../clib/string.c                         0x00000000   Number         0  strlen.o ABSOLUTE
    ../clib/wchar.c                          0x00000000   Number         0  flsbuf_fwide.o ABSOLUTE
    ../fplib/fpinit.s                        0x00000000   Number         0  fpinit.o ABSOLUTE
    C:\Keil_v5\ARM\PACK\Keil\STM32F1xx_DFP\2.2.0\RTE_Driver\GPIO_STM32F10x.c 0x00000000   Number         0  gpio_stm32f10x.o ABSOLUTE
    C:\\Keil_v5\\ARM\\PACK\\Keil\\STM32F1xx_DFP\\2.2.0\\RTE_Driver\\GPIO_STM32F10x.c 0x00000000   Number         0  gpio_stm32f10x.o ABSOLUTE
    RTE\Device\STM32F103RC\startup_stm32f10x_hd.s 0x00000000   Number         0  startup_stm32f10x_hd.o ABSOLUTE
    RTE\Device\STM32F103RC\system_stm32f10x.c 0x00000000   Number         0  system_stm32f10x.o ABSOLUTE
    RTE\\Device\\STM32F103RC\\system_stm32f10x.c 0x00000000   Number         0  system_stm32f10x.o ABSOLUTE
    Source\\main.c                           0x00000000   Number         0  main.o ABSOLUTE
    Source\\switch.c                         0x00000000   Number         0  switch.o ABSOLUTE
    Source\\tCpu.c                           0x00000000   Number         0  tcpu.o ABSOLUTE
    Source\app.c                             0x00000000   Number         0  app.o ABSOLUTE
    Source\main.c                            0x00000000   Number         0  main.o ABSOLUTE
    Source\switch.c                          0x00000000   Number         0  switch.o ABSOLUTE
    Source\tBitmap.c                         0x00000000   Number         0  tbitmap.o ABSOLUTE
    Source\tCpu.c                            0x00000000   Number         0  tcpu.o ABSOLUTE
    Source\tEvent.c                          0x00000000   Number         0  tevent.o ABSOLUTE
    Source\tFlagGroup.c                      0x00000000   Number         0  tflaggroup.o ABSOLUTE
    Source\tHooks.c                          0x00000000   Number         0  thooks.o ABSOLUTE
    Source\tList.c                           0x00000000   Number         0  tlist.o ABSOLUTE
    Source\tMBox.c                           0x00000000   Number         0  tmbox.o ABSOLUTE
    Source\tMemBlock.c                       0x00000000   Number         0  tmemblock.o ABSOLUTE
    Source\tMutex.c                          0x00000000   Number         0  tmutex.o ABSOLUTE
    Source\tSem.c                            0x00000000   Number         0  tsem.o ABSOLUTE
    Source\tTask.c                           0x00000000   Number         0  ttask.o ABSOLUTE
    Source\tTime.c                           0x00000000   Number         0  ttime.o ABSOLUTE
    Source\tTimer.c                          0x00000000   Number         0  ttimer.o ABSOLUTE
    dc.s                                     0x00000000   Number         0  dc.o ABSOLUTE
    RESET                                    0x08000000   Section      304  startup_stm32f10x_hd.o(RESET)
    !!!main                                  0x08000130   Section        8  __main.o(!!!main)
    !!!scatter                               0x08000138   Section       52  __scatter.o(!!!scatter)
    !!handler_copy                           0x0800016c   Section       26  __scatter_copy.o(!!handler_copy)
    !!handler_zi                             0x08000188   Section       28  __scatter_zi.o(!!handler_zi)
    .ARM.Collect$$libinit$$00000000          0x080001a4   Section        2  libinit.o(.ARM.Collect$$libinit$$00000000)
    .ARM.Collect$$libinit$$00000002          0x080001a6   Section        0  libinit2.o(.ARM.Collect$$libinit$$00000002)
    .ARM.Collect$$libinit$$00000004          0x080001a6   Section        0  libinit2.o(.ARM.Collect$$libinit$$00000004)
    .ARM.Collect$$libinit$$00000005          0x080001a6   Section        8  libinit2.o(.ARM.Collect$$libinit$$00000005)
    .ARM.Collect$$libinit$$0000000A          0x080001ae   Section        0  libinit2.o(.ARM.Collect$$libinit$$0000000A)
    .ARM.Collect$$libinit$$0000000C          0x080001ae   Section        0  libinit2.o(.ARM.Collect$$libinit$$0000000C)
    .ARM.Collect$$libinit$$0000000E          0x080001ae   Section        0  libinit2.o(.ARM.Collect$$libinit$$0000000E)
    .ARM.Collect$$libinit$$00000011          0x080001ae   Section        0  libinit2.o(.ARM.Collect$$libinit$$00000011)
    .ARM.Collect$$libinit$$00000013          0x080001ae   Section        0  libinit2.o(.ARM.Collect$$libinit$$00000013)
    .ARM.Collect$$libinit$$00000015          0x080001ae   Section        0  libinit2.o(.ARM.Collect$$libinit$$00000015)
    .ARM.Collect$$libinit$$00000017          0x080001ae   Section        0  libinit2.o(.ARM.Collect$$libinit$$00000017)
    .ARM.Collect$$libinit$$00000019          0x080001ae   Section        0  libinit2.o(.ARM.Collect$$libinit$$00000019)
    .ARM.Collect$$libinit$$0000001B          0x080001ae   Section        0  libinit2.o(.ARM.Collect$$libinit$$0000001B)
    .ARM.Collect$$libinit$$0000001D          0x080001ae   Section        0  libinit2.o(.ARM.Collect$$libinit$$0000001D)
    .ARM.Collect$$libinit$$0000001F          0x080001ae   Section        0  libinit2.o(.ARM.Collect$$libinit$$0000001F)
    .ARM.Collect$$libinit$$00000021          0x080001ae   Section        0  libinit2.o(.ARM.Collect$$libinit$$00000021)
    .ARM.Collect$$libinit$$00000023          0x080001ae   Section        0  libinit2.o(.ARM.Collect$$libinit$$00000023)
    .ARM.Collect$$libinit$$00000024          0x080001ae   Section        4  libinit2.o(.ARM.Collect$$libinit$$00000024)
    .ARM.Collect$$libinit$$00000025          0x080001b2   Section        0  libinit2.o(.ARM.Collect$$libinit$$00000025)
    .ARM.Collect$$libinit$$0000002C          0x080001b2   Section        0  libinit2.o(.ARM.Collect$$libinit$$0000002C)
    .ARM.Collect$$libinit$$0000002E          0x080001b2   Section        0  libinit2.o(.ARM.Collect$$libinit$$0000002E)
    .ARM.Collect$$libinit$$00000030          0x080001b2   Section        0  libinit2.o(.ARM.Collect$$libinit$$00000030)
    .ARM.Collect$$libinit$$00000032          0x080001b2   Section        0  libinit2.o(.ARM.Collect$$libinit$$00000032)
    .ARM.Collect$$libinit$$00000033          0x080001b2   Section        2  libinit2.o(.ARM.Collect$$libinit$$00000033)
    .ARM.Collect$$libshutdown$$00000000      0x080001b4   Section        2  libshutdown.o(.ARM.Collect$$libshutdown$$00000000)
    .ARM.Collect$$libshutdown$$00000002      0x080001b6   Section        0  libshutdown2.o(.ARM.Collect$$libshutdown$$00000002)
    .ARM.Collect$$libshutdown$$00000003      0x080001b6   Section        4  libshutdown2.o(.ARM.Collect$$libshutdown$$00000003)
    .ARM.Collect$$libshutdown$$00000004      0x080001ba   Section        0  libshutdown2.o(.ARM.Collect$$libshutdown$$00000004)
    .ARM.Collect$$libshutdown$$00000007      0x080001ba   Section        0  libshutdown2.o(.ARM.Collect$$libshutdown$$00000007)
    .ARM.Collect$$libshutdown$$0000000A      0x080001ba   Section        0  libshutdown2.o(.ARM.Collect$$libshutdown$$0000000A)
    .ARM.Collect$$libshutdown$$0000000C      0x080001ba   Section        0  libshutdown2.o(.ARM.Collect$$libshutdown$$0000000C)
    .ARM.Collect$$libshutdown$$0000000F      0x080001ba   Section        0  libshutdown2.o(.ARM.Collect$$libshutdown$$0000000F)
    .ARM.Collect$$libshutdown$$00000010      0x080001ba   Section        2  libshutdown2.o(.ARM.Collect$$libshutdown$$00000010)
    .ARM.Collect$$rtentry$$00000000          0x080001bc   Section        0  __rtentry.o(.ARM.Collect$$rtentry$$00000000)
    .ARM.Collect$$rtentry$$00000002          0x080001bc   Section        0  __rtentry2.o(.ARM.Collect$$rtentry$$00000002)
    .ARM.Collect$$rtentry$$00000004          0x080001bc   Section        6  __rtentry4.o(.ARM.Collect$$rtentry$$00000004)
    .ARM.Collect$$rtentry$$00000009          0x080001c2   Section        0  __rtentry2.o(.ARM.Collect$$rtentry$$00000009)
    .ARM.Collect$$rtentry$$0000000A          0x080001c2   Section        4  __rtentry2.o(.ARM.Collect$$rtentry$$0000000A)
    .ARM.Collect$$rtentry$$0000000C          0x080001c6   Section        0  __rtentry2.o(.ARM.Collect$$rtentry$$0000000C)
    .ARM.Collect$$rtentry$$0000000D          0x080001c6   Section        8  __rtentry2.o(.ARM.Collect$$rtentry$$0000000D)
    .ARM.Collect$$rtexit$$00000000           0x080001ce   Section        2  rtexit.o(.ARM.Collect$$rtexit$$00000000)
    .ARM.Collect$$rtexit$$00000002           0x080001d0   Section        0  rtexit2.o(.ARM.Collect$$rtexit$$00000002)
    .ARM.Collect$$rtexit$$00000003           0x080001d0   Section        4  rtexit2.o(.ARM.Collect$$rtexit$$00000003)
    .ARM.Collect$$rtexit$$00000004           0x080001d4   Section        6  rtexit2.o(.ARM.Collect$$rtexit$$00000004)
    .emb_text                                0x080001dc   Section       48  switch.o(.emb_text)
    .emb_text                                0x0800020c   Section        0  maybetermalloc1.o(.emb_text)
    .text                                    0x0800020c   Section        0  main.o(.text)
    .text                                    0x08000504   Section        0  switch.o(.text)
    .text                                    0x08000544   Section        0  tbitmap.o(.text)
    .text                                    0x080005c0   Section        0  tlist.o(.text)
    .text                                    0x0800069c   Section        0  app.o(.text)
    .text                                    0x080007bc   Section        0  tcpu.o(.text)
    .text                                    0x08000820   Section        0  ttask.o(.text)
    .text                                    0x08000a88   Section        0  ttime.o(.text)
    .text                                    0x08000ab4   Section        0  tevent.o(.text)
    .text                                    0x08000c50   Section        0  thooks.o(.text)
    .text                                    0x08000c58   Section       64  startup_stm32f10x_hd.o(.text)
    .text                                    0x08000c98   Section        0  system_stm32f10x.o(.text)
    SetSysClockTo72                          0x08000c99   Thumb Code   214  system_stm32f10x.o(.text)
    SetSysClock                              0x08000d6f   Thumb Code     8  system_stm32f10x.o(.text)
    .text                                    0x08000e78   Section        0  noretval__2printf.o(.text)
    .text                                    0x08000e90   Section       78  rt_memclr_w.o(.text)
    .text                                    0x08000ede   Section        0  heapauxi.o(.text)
    .text                                    0x08000ee4   Section        0  _printf_char_file.o(.text)
    .text                                    0x08000f08   Section        0  _printf_char_common.o(.text)
    _printf_input_char                       0x08000f09   Thumb Code    10  _printf_char_common.o(.text)
    .text                                    0x08000f38   Section        0  ferror.o(.text)
    .text                                    0x08000f40   Section        0  initio.o(.text)
    .text                                    0x08001078   Section        0  sys_io.o(.text)
    .text                                    0x080010de   Section       74  sys_stackheap_outer.o(.text)
    .text                                    0x08001128   Section        0  h1_free.o(.text)
    .text                                    0x08001176   Section        0  __printf_nopercent.o(.text)
    .text                                    0x0800119e   Section        0  flsbuf.o(.text)
    .text                                    0x08001374   Section        0  setvbuf.o(.text)
    .text                                    0x080013bc   Section        0  fopen.o(.text)
    _freopen_locked                          0x080013bd   Thumb Code     0  fopen.o(.text)
    .text                                    0x080014a8   Section        0  fclose.o(.text)
    .text                                    0x080014f4   Section        0  exit.o(.text)
    .text                                    0x08001506   Section        0  defsig_rtred_outer.o(.text)
    .text                                    0x08001514   Section        8  libspace.o(.text)
    .text                                    0x0800151c   Section        2  use_no_semi.o(.text)
    .text                                    0x0800151e   Section        0  indicate_semi.o(.text)
    .text                                    0x08001520   Section        8  rt_heap_descriptor_intlibspace.o(.text)
    .text                                    0x08001528   Section        0  hguard.o(.text)
    .text                                    0x0800152c   Section        0  init_alloc.o(.text)
    .text                                    0x080015b6   Section        0  h1_alloc.o(.text)
    .text                                    0x08001614   Section        0  fseek.o(.text)
    .text                                    0x0800170c   Section        0  stdio.o(.text)
    .text                                    0x080017fc   Section        0  defsig_exit.o(.text)
    .text                                    0x08001808   Section        0  defsig_rtred_inner.o(.text)
    .text                                    0x0800183c   Section        0  strlen.o(.text)
    .text                                    0x0800187c   Section        0  sys_exit.o(.text)
    .text                                    0x08001888   Section        0  h1_init.o(.text)
    .text                                    0x08001896   Section        0  h1_extend.o(.text)
    .text                                    0x080018ca   Section        0  ftell.o(.text)
    .text                                    0x0800190c   Section        0  defsig_general.o(.text)
    .text                                    0x0800193e   Section        0  defsig_rtmem_outer.o(.text)
    .text                                    0x0800194c   Section        0  sys_wrch.o(.text)
    .text                                    0x0800195c   Section        8  rt_errno_addr_intlibspace.o(.text)
    .text                                    0x08001964   Section        0  defsig_rtmem_inner.o(.text)
    i.fputc                                  0x080019b4   Section        0  fputc.o(i.fputc)
    .constdata                               0x080019ce   Section      256  tbitmap.o(.constdata)
    quickFindTable                           0x080019ce   Data         256  tbitmap.o(.constdata)
    .constdata                               0x08001ace   Section        4  sys_io.o(.constdata)
    .constdata                               0x08001ad2   Section        4  sys_io.o(.constdata)
    .constdata                               0x08001ad6   Section        4  sys_io.o(.constdata)
    .data                                    0x20000000   Section       32  main.o(.data)
    .data                                    0x20000020   Section       16  app.o(.data)
    .data                                    0x20000030   Section       20  system_stm32f10x.o(.data)
    .data                                    0x20000044   Section        4  stdio_streams.o(.data)
    .data                                    0x20000048   Section        4  stdio_streams.o(.data)
    .data                                    0x2000004c   Section        4  stdio_streams.o(.data)
    .bss                                     0x20000050   Section     4572  main.o(.bss)
    .bss                                     0x2000122c   Section    16704  app.o(.bss)
    .bss                                     0x2000536c   Section       84  stdio_streams.o(.bss)
    .bss                                     0x200053c0   Section       84  stdio_streams.o(.bss)
    .bss                                     0x20005414   Section       84  stdio_streams.o(.bss)
    .bss                                     0x20005468   Section       96  libspace.o(.bss)
    HEAP                                     0x200054c8   Section      512  startup_stm32f10x_hd.o(HEAP)
    Heap_Mem                                 0x200054c8   Data         512  startup_stm32f10x_hd.o(HEAP)
    STACK                                    0x200056c8   Section     1024  startup_stm32f10x_hd.o(STACK)
    Stack_Mem                                0x200056c8   Data        1024  startup_stm32f10x_hd.o(STACK)
    __initial_sp                             0x20005ac8   Data           0  startup_stm32f10x_hd.o(STACK)

    Global Symbols

    Symbol Name                              Value     Ov Type        Size  Object(Section)

    BuildAttributes$$THM_ISAv4$P$D$K$B$S$PE$A:L22UL41UL21$X:L11$S22US41US21$IEEE1$IW$USESV6$~STKCKD$USESV7$~SHL$OTIME$ROPI$EBA8$UX$STANDARDLIB$REQ8$PRES8$EABIv2 0x00000000   Number         0  anon$$obj.o ABSOLUTE
    __ARM_use_no_argv                        0x00000000   Number         0  main.o ABSOLUTE
    __ARM_exceptions_init                     - Undefined Weak Reference
    __alloca_initialize                       - Undefined Weak Reference
    __arm_preinit_                            - Undefined Weak Reference
    __cpp_initialize__aeabi_                  - Undefined Weak Reference
    __cxa_finalize                            - Undefined Weak Reference
    __rt_locale                               - Undefined Weak Reference
    __sigvec_lookup                           - Undefined Weak Reference
    __user_heap_extent                        - Undefined Weak Reference
    _atexit_init                              - Undefined Weak Reference
    _call_atexit_fns                          - Undefined Weak Reference
    _clock_init                               - Undefined Weak Reference
    _fp_trap_init                             - Undefined Weak Reference
    _fp_trap_shutdown                         - Undefined Weak Reference
    _get_lc_collate                           - Undefined Weak Reference
    _get_lc_ctype                             - Undefined Weak Reference
    _get_lc_monetary                          - Undefined Weak Reference
    _get_lc_numeric                           - Undefined Weak Reference
    _get_lc_time                              - Undefined Weak Reference
    _getenv_init                              - Undefined Weak Reference
    _handle_redirection                       - Undefined Weak Reference
    _mutex_acquire                            - Undefined Weak Reference
    _mutex_free                               - Undefined Weak Reference
    _mutex_release                            - Undefined Weak Reference
    _rand_init                                - Undefined Weak Reference
    _signal_finish                            - Undefined Weak Reference
    _signal_init                              - Undefined Weak Reference
    __Vectors_Size                           0x00000130   Number         0  startup_stm32f10x_hd.o ABSOLUTE
    __Vectors                                0x08000000   Data           4  startup_stm32f10x_hd.o(RESET)
    __Vectors_End                            0x08000130   Data           0  startup_stm32f10x_hd.o(RESET)
    __main                                   0x08000131   Thumb Code     8  __main.o(!!!main)
    __scatterload                            0x08000139   Thumb Code     0  __scatter.o(!!!scatter)
    __scatterload_rt2                        0x08000139   Thumb Code    44  __scatter.o(!!!scatter)
    __scatterload_rt2_thumb_only             0x08000139   Thumb Code     0  __scatter.o(!!!scatter)
    __scatterload_null                       0x08000147   Thumb Code     0  __scatter.o(!!!scatter)
    __scatterload_copy                       0x0800016d   Thumb Code    26  __scatter_copy.o(!!handler_copy)
    __scatterload_zeroinit                   0x08000189   Thumb Code    28  __scatter_zi.o(!!handler_zi)
    __rt_lib_init                            0x080001a5   Thumb Code     0  libinit.o(.ARM.Collect$$libinit$$00000000)
    __rt_lib_init_fp_1                       0x080001a7   Thumb Code     0  libinit2.o(.ARM.Collect$$libinit$$00000002)
    __rt_lib_init_heap_2                     0x080001a7   Thumb Code     0  libinit2.o(.ARM.Collect$$libinit$$00000005)
    __rt_lib_init_preinit_1                  0x080001a7   Thumb Code     0  libinit2.o(.ARM.Collect$$libinit$$00000004)
    __rt_lib_init_atexit_1                   0x080001af   Thumb Code     0  libinit2.o(.ARM.Collect$$libinit$$0000001B)
    __rt_lib_init_clock_1                    0x080001af   Thumb Code     0  libinit2.o(.ARM.Collect$$libinit$$00000021)
    __rt_lib_init_fp_trap_1                  0x080001af   Thumb Code     0  libinit2.o(.ARM.Collect$$libinit$$0000001F)
    __rt_lib_init_getenv_1                   0x080001af   Thumb Code     0  libinit2.o(.ARM.Collect$$libinit$$00000023)
    __rt_lib_init_heap_1                     0x080001af   Thumb Code     0  libinit2.o(.ARM.Collect$$libinit$$0000000A)
    __rt_lib_init_lc_collate_1               0x080001af   Thumb Code     0  libinit2.o(.ARM.Collect$$libinit$$00000011)
    __rt_lib_init_lc_ctype_1                 0x080001af   Thumb Code     0  libinit2.o(.ARM.Collect$$libinit$$00000013)
    __rt_lib_init_lc_monetary_1              0x080001af   Thumb Code     0  libinit2.o(.ARM.Collect$$libinit$$00000015)
    __rt_lib_init_lc_numeric_1               0x080001af   Thumb Code     0  libinit2.o(.ARM.Collect$$libinit$$00000017)
    __rt_lib_init_lc_time_1                  0x080001af   Thumb Code     0  libinit2.o(.ARM.Collect$$libinit$$00000019)
    __rt_lib_init_rand_1                     0x080001af   Thumb Code     0  libinit2.o(.ARM.Collect$$libinit$$0000000E)
    __rt_lib_init_signal_1                   0x080001af   Thumb Code     0  libinit2.o(.ARM.Collect$$libinit$$0000001D)
    __rt_lib_init_stdio_2                    0x080001af   Thumb Code     0  libinit2.o(.ARM.Collect$$libinit$$00000024)
    __rt_lib_init_user_alloc_1               0x080001af   Thumb Code     0  libinit2.o(.ARM.Collect$$libinit$$0000000C)
    __rt_lib_init_alloca_1                   0x080001b3   Thumb Code     0  libinit2.o(.ARM.Collect$$libinit$$0000002E)
    __rt_lib_init_argv_1                     0x080001b3   Thumb Code     0  libinit2.o(.ARM.Collect$$libinit$$0000002C)
    __rt_lib_init_cpp_1                      0x080001b3   Thumb Code     0  libinit2.o(.ARM.Collect$$libinit$$00000032)
    __rt_lib_init_exceptions_1               0x080001b3   Thumb Code     0  libinit2.o(.ARM.Collect$$libinit$$00000030)
    __rt_lib_init_return                     0x080001b3   Thumb Code     0  libinit2.o(.ARM.Collect$$libinit$$00000033)
    __rt_lib_init_stdio_1                    0x080001b3   Thumb Code     0  libinit2.o(.ARM.Collect$$libinit$$00000025)
    __rt_lib_shutdown                        0x080001b5   Thumb Code     0  libshutdown.o(.ARM.Collect$$libshutdown$$00000000)
    __rt_lib_shutdown_cpp_1                  0x080001b7   Thumb Code     0  libshutdown2.o(.ARM.Collect$$libshutdown$$00000002)
    __rt_lib_shutdown_stdio_2                0x080001b7   Thumb Code     0  libshutdown2.o(.ARM.Collect$$libshutdown$$00000003)
    __rt_lib_shutdown_fp_trap_1              0x080001bb   Thumb Code     0  libshutdown2.o(.ARM.Collect$$libshutdown$$00000007)
    __rt_lib_shutdown_heap_1                 0x080001bb   Thumb Code     0  libshutdown2.o(.ARM.Collect$$libshutdown$$0000000F)
    __rt_lib_shutdown_return                 0x080001bb   Thumb Code     0  libshutdown2.o(.ARM.Collect$$libshutdown$$00000010)
    __rt_lib_shutdown_signal_1               0x080001bb   Thumb Code     0  libshutdown2.o(.ARM.Collect$$libshutdown$$0000000A)
    __rt_lib_shutdown_stdio_1                0x080001bb   Thumb Code     0  libshutdown2.o(.ARM.Collect$$libshutdown$$00000004)
    __rt_lib_shutdown_user_alloc_1           0x080001bb   Thumb Code     0  libshutdown2.o(.ARM.Collect$$libshutdown$$0000000C)
    __rt_entry                               0x080001bd   Thumb Code     0  __rtentry.o(.ARM.Collect$$rtentry$$00000000)
    __rt_entry_presh_1                       0x080001bd   Thumb Code     0  __rtentry2.o(.ARM.Collect$$rtentry$$00000002)
    __rt_entry_sh                            0x080001bd   Thumb Code     0  __rtentry4.o(.ARM.Collect$$rtentry$$00000004)
    __rt_entry_li                            0x080001c3   Thumb Code     0  __rtentry2.o(.ARM.Collect$$rtentry$$0000000A)
    __rt_entry_postsh_1                      0x080001c3   Thumb Code     0  __rtentry2.o(.ARM.Collect$$rtentry$$00000009)
    __rt_entry_main                          0x080001c7   Thumb Code     0  __rtentry2.o(.ARM.Collect$$rtentry$$0000000D)
    __rt_entry_postli_1                      0x080001c7   Thumb Code     0  __rtentry2.o(.ARM.Collect$$rtentry$$0000000C)
    __rt_exit                                0x080001cf   Thumb Code     0  rtexit.o(.ARM.Collect$$rtexit$$00000000)
    __rt_exit_ls                             0x080001d1   Thumb Code     0  rtexit2.o(.ARM.Collect$$rtexit$$00000003)
    __rt_exit_prels_1                        0x080001d1   Thumb Code     0  rtexit2.o(.ARM.Collect$$rtexit$$00000002)
    __rt_exit_exit                           0x080001d5   Thumb Code     0  rtexit2.o(.ARM.Collect$$rtexit$$00000004)
    PendSV_Handler                           0x080001dd   Thumb Code    40  switch.o(.emb_text)
    _maybe_terminate_alloc                   0x0800020d   Thumb Code     0  maybetermalloc1.o(.emb_text)
    tTaskHighestReady                        0x0800020d   Thumb Code    32  main.o(.text)
    tTaskSchedInit                           0x0800022d   Thumb Code    42  main.o(.text)
    tTaskSchedDisable                        0x08000257   Thumb Code    34  main.o(.text)
    tTaskSched                               0x08000279   Thumb Code    66  main.o(.text)
    tTaskSchedEnable                         0x080002bb   Thumb Code    42  main.o(.text)
    tTaskSchedRdy                            0x080002e5   Thumb Code    34  main.o(.text)
    tTaskSchedUnRdy                          0x08000307   Thumb Code    52  main.o(.text)
    tTaskSchedRemove                         0x0800033b   Thumb Code    52  main.o(.text)
    tTaskDelayedInit                         0x0800036f   Thumb Code    10  main.o(.text)
    tTimeTaskWait                            0x08000379   Thumb Code    28  main.o(.text)
    tTimeTaskWakeUp                          0x08000395   Thumb Code    24  main.o(.text)
    tTimeTaskRemove                          0x080003ad   Thumb Code    16  main.o(.text)
    tTimeTickInit                            0x080003bd   Thumb Code     8  main.o(.text)
    tTaskSystemTickHandler                   0x080003c5   Thumb Code   178  main.o(.text)
    idleTaskEntry                            0x08000477   Thumb Code    48  main.o(.text)
    main                                     0x080004a7   Thumb Code    54  main.o(.text)
    tTaskEnterCritical                       0x08000505   Thumb Code    12  switch.o(.text)
    tTaskExitCritical                        0x08000511   Thumb Code    10  switch.o(.text)
    tTaskRunFirst                            0x0800051b   Thumb Code    24  switch.o(.text)
    tTaskSwitch                              0x08000533   Thumb Code    12  switch.o(.text)
    tBitmapInit                              0x08000545   Thumb Code     6  tbitmap.o(.text)
    tBitmapPosCount                          0x0800054b   Thumb Code     4  tbitmap.o(.text)
    tBitmapSet                               0x0800054f   Thumb Code    12  tbitmap.o(.text)
    tBitmapClear                             0x0800055b   Thumb Code    12  tbitmap.o(.text)
    tBitmapGetFirstSet                       0x08000567   Thumb Code    86  tbitmap.o(.text)
    tNodeInit                                0x080005c1   Thumb Code     6  tlist.o(.text)
    tListInit                                0x080005c7   Thumb Code    10  tlist.o(.text)
    tListCount                               0x080005d1   Thumb Code     6  tlist.o(.text)
    tListFirst                               0x080005d7   Thumb Code    12  tlist.o(.text)
    tListLast                                0x080005e3   Thumb Code    12  tlist.o(.text)
    tListPre                                 0x080005ef   Thumb Code    16  tlist.o(.text)
    tListNext                                0x080005ff   Thumb Code    16  tlist.o(.text)
    tListRemoveAll                           0x0800060f   Thumb Code    32  tlist.o(.text)
    tListAddFirst                            0x0800062f   Thumb Code    24  tlist.o(.text)
    tListAddLast                             0x08000647   Thumb Code    20  tlist.o(.text)
    tListRemoveFirst                         0x0800065b   Thumb Code    26  tlist.o(.text)
    tListInsertAfter                         0x08000675   Thumb Code    20  tlist.o(.text)
    tListRemove                              0x08000689   Thumb Code    20  tlist.o(.text)
    task1Entry                               0x0800069d   Thumb Code    32  app.o(.text)
    task2Entry                               0x080006bd   Thumb Code    26  app.o(.text)
    task3Entry                               0x080006d7   Thumb Code    26  app.o(.text)
    task4Entry                               0x080006f1   Thumb Code    26  app.o(.text)
    tInitApp                                 0x0800070b   Thumb Code   108  app.o(.text)
    tSetSysTickPeriod                        0x080007bd   Thumb Code    78  tcpu.o(.text)
    SysTick_Handler                          0x0800080b   Thumb Code     8  tcpu.o(.text)
    tTaskInit                                0x08000821   Thumb Code   226  ttask.o(.text)
    tTaskSuspend                             0x08000903   Thumb Code    64  ttask.o(.text)
    tTaskWakeUp                              0x08000943   Thumb Code    54  ttask.o(.text)
    tTaskSetCleanCallFunc                    0x08000979   Thumb Code     6  ttask.o(.text)
    tTaskForceDelete                         0x0800097f   Thumb Code    74  ttask.o(.text)
    tTaskRequestDelete                       0x080009c9   Thumb Code    24  ttask.o(.text)
    tTaskIsRequestedDelete                   0x080009e1   Thumb Code    26  ttask.o(.text)
    tTaskDeleteSelf                          0x080009fb   Thumb Code    50  ttask.o(.text)
    tTaskGetInfo                             0x08000a2d   Thumb Code    86  ttask.o(.text)
    tTaskDelay                               0x08000a89   Thumb Code    40  ttime.o(.text)
    tEventInit                               0x08000ab5   Thumb Code    16  tevent.o(.text)
    tEventWait                               0x08000ac5   Thumb Code    76  tevent.o(.text)
    tEventWakeUp                             0x08000b11   Thumb Code    78  tevent.o(.text)
    tEventWakeUpTask                         0x08000b5f   Thumb Code    70  tevent.o(.text)
    tEventRemoveTask                         0x08000ba5   Thumb Code    54  tevent.o(.text)
    tEventRemoveAll                          0x08000bdb   Thumb Code    88  tevent.o(.text)
    tEventWaitCount                          0x08000c33   Thumb Code    30  tevent.o(.text)
    tHooksCpuIdle                            0x08000c51   Thumb Code     2  thooks.o(.text)
    tHooksSysTick                            0x08000c53   Thumb Code     2  thooks.o(.text)
    tHooksTaskSwitch                         0x08000c55   Thumb Code     2  thooks.o(.text)
    tHooksTaskInit                           0x08000c57   Thumb Code     2  thooks.o(.text)
    Reset_Handler                            0x08000c59   Thumb Code     8  startup_stm32f10x_hd.o(.text)
    NMI_Handler                              0x08000c61   Thumb Code     2  startup_stm32f10x_hd.o(.text)
    HardFault_Handler                        0x08000c63   Thumb Code     2  startup_stm32f10x_hd.o(.text)
    MemManage_Handler                        0x08000c65   Thumb Code     2  startup_stm32f10x_hd.o(.text)
    BusFault_Handler                         0x08000c67   Thumb Code     2  startup_stm32f10x_hd.o(.text)
    UsageFault_Handler                       0x08000c69   Thumb Code     2  startup_stm32f10x_hd.o(.text)
    SVC_Handler                              0x08000c6b   Thumb Code     2  startup_stm32f10x_hd.o(.text)
    DebugMon_Handler                         0x08000c6d   Thumb Code     2  startup_stm32f10x_hd.o(.text)
    ADC1_2_IRQHandler                        0x08000c73   Thumb Code     0  startup_stm32f10x_hd.o(.text)
    ADC3_IRQHandler                          0x08000c73   Thumb Code     0  startup_stm32f10x_hd.o(.text)
    CAN1_RX1_IRQHandler                      0x08000c73   Thumb Code     0  startup_stm32f10x_hd.o(.text)
    CAN1_SCE_IRQHandler                      0x08000c73   Thumb Code     0  startup_stm32f10x_hd.o(.text)
    DMA1_Channel1_IRQHandler                 0x08000c73   Thumb Code     0  startup_stm32f10x_hd.o(.text)
    DMA1_Channel2_IRQHandler                 0x08000c73   Thumb Code     0  startup_stm32f10x_hd.o(.text)
    DMA1_Channel3_IRQHandler                 0x08000c73   Thumb Code     0  startup_stm32f10x_hd.o(.text)
    DMA1_Channel4_IRQHandler                 0x08000c73   Thumb Code     0  startup_stm32f10x_hd.o(.text)
    DMA1_Channel5_IRQHandler                 0x08000c73   Thumb Code     0  startup_stm32f10x_hd.o(.text)
    DMA1_Channel6_IRQHandler                 0x08000c73   Thumb Code     0  startup_stm32f10x_hd.o(.text)
    DMA1_Channel7_IRQHandler                 0x08000c73   Thumb Code     0  startup_stm32f10x_hd.o(.text)
    DMA2_Channel1_IRQHandler                 0x08000c73   Thumb Code     0  startup_stm32f10x_hd.o(.text)
    DMA2_Channel2_IRQHandler                 0x08000c73   Thumb Code     0  startup_stm32f10x_hd.o(.text)
    DMA2_Channel3_IRQHandler                 0x08000c73   Thumb Code     0  startup_stm32f10x_hd.o(.text)
    DMA2_Channel4_5_IRQHandler               0x08000c73   Thumb Code     0  startup_stm32f10x_hd.o(.text)
    EXTI0_IRQHandler                         0x08000c73   Thumb Code     0  startup_stm32f10x_hd.o(.text)
    EXTI15_10_IRQHandler                     0x08000c73   Thumb Code     0  startup_stm32f10x_hd.o(.text)
    EXTI1_IRQHandler                         0x08000c73   Thumb Code     0  startup_stm32f10x_hd.o(.text)
    EXTI2_IRQHandler                         0x08000c73   Thumb Code     0  startup_stm32f10x_hd.o(.text)
    EXTI3_IRQHandler                         0x08000c73   Thumb Code     0  startup_stm32f10x_hd.o(.text)
    EXTI4_IRQHandler                         0x08000c73   Thumb Code     0  startup_stm32f10x_hd.o(.text)
    EXTI9_5_IRQHandler                       0x08000c73   Thumb Code     0  startup_stm32f10x_hd.o(.text)
    FLASH_IRQHandler                         0x08000c73   Thumb Code     0  startup_stm32f10x_hd.o(.text)
    FSMC_IRQHandler                          0x08000c73   Thumb Code     0  startup_stm32f10x_hd.o(.text)
    I2C1_ER_IRQHandler                       0x08000c73   Thumb Code     0  startup_stm32f10x_hd.o(.text)
    I2C1_EV_IRQHandler                       0x08000c73   Thumb Code     0  startup_stm32f10x_hd.o(.text)
    I2C2_ER_IRQHandler                       0x08000c73   Thumb Code     0  startup_stm32f10x_hd.o(.text)
    I2C2_EV_IRQHandler                       0x08000c73   Thumb Code     0  startup_stm32f10x_hd.o(.text)
    PVD_IRQHandler                           0x08000c73   Thumb Code     0  startup_stm32f10x_hd.o(.text)
    RCC_IRQHandler                           0x08000c73   Thumb Code     0  startup_stm32f10x_hd.o(.text)
    RTCAlarm_IRQHandler                      0x08000c73   Thumb Code     0  startup_stm32f10x_hd.o(.text)
    RTC_IRQHandler                           0x08000c73   Thumb Code     0  startup_stm32f10x_hd.o(.text)
    SDIO_IRQHandler                          0x08000c73   Thumb Code     0  startup_stm32f10x_hd.o(.text)
    SPI1_IRQHandler                          0x08000c73   Thumb Code     0  startup_stm32f10x_hd.o(.text)
    SPI2_IRQHandler                          0x08000c73   Thumb Code     0  startup_stm32f10x_hd.o(.text)
    SPI3_IRQHandler                          0x08000c73   Thumb Code     0  startup_stm32f10x_hd.o(.text)
    TAMPER_IRQHandler                        0x08000c73   Thumb Code     0  startup_stm32f10x_hd.o(.text)
    TIM1_BRK_IRQHandler                      0x08000c73   Thumb Code     0  startup_stm32f10x_hd.o(.text)
    TIM1_CC_IRQHandler                       0x08000c73   Thumb Code     0  startup_stm32f10x_hd.o(.text)
    TIM1_TRG_COM_IRQHandler                  0x08000c73   Thumb Code     0  startup_stm32f10x_hd.o(.text)
    TIM1_UP_IRQHandler                       0x08000c73   Thumb Code     0  startup_stm32f10x_hd.o(.text)
    TIM2_IRQHandler                          0x08000c73   Thumb Code     0  startup_stm32f10x_hd.o(.text)
    TIM3_IRQHandler                          0x08000c73   Thumb Code     0  startup_stm32f10x_hd.o(.text)
    TIM4_IRQHandler                          0x08000c73   Thumb Code     0  startup_stm32f10x_hd.o(.text)
    TIM5_IRQHandler                          0x08000c73   Thumb Code     0  startup_stm32f10x_hd.o(.text)
    TIM6_IRQHandler                          0x08000c73   Thumb Code     0  startup_stm32f10x_hd.o(.text)
    TIM7_IRQHandler                          0x08000c73   Thumb Code     0  startup_stm32f10x_hd.o(.text)
    TIM8_BRK_IRQHandler                      0x08000c73   Thumb Code     0  startup_stm32f10x_hd.o(.text)
    TIM8_CC_IRQHandler                       0x08000c73   Thumb Code     0  startup_stm32f10x_hd.o(.text)
    TIM8_TRG_COM_IRQHandler                  0x08000c73   Thumb Code     0  startup_stm32f10x_hd.o(.text)
    TIM8_UP_IRQHandler                       0x08000c73   Thumb Code     0  startup_stm32f10x_hd.o(.text)
    UART4_IRQHandler                         0x08000c73   Thumb Code     0  startup_stm32f10x_hd.o(.text)
    UART5_IRQHandler                         0x08000c73   Thumb Code     0  startup_stm32f10x_hd.o(.text)
    USART1_IRQHandler                        0x08000c73   Thumb Code     0  startup_stm32f10x_hd.o(.text)
    USART2_IRQHandler                        0x08000c73   Thumb Code     0  startup_stm32f10x_hd.o(.text)
    USART3_IRQHandler                        0x08000c73   Thumb Code     0  startup_stm32f10x_hd.o(.text)
    USBWakeUp_IRQHandler                     0x08000c73   Thumb Code     0  startup_stm32f10x_hd.o(.text)
    USB_HP_CAN1_TX_IRQHandler                0x08000c73   Thumb Code     0  startup_stm32f10x_hd.o(.text)
    USB_LP_CAN1_RX0_IRQHandler               0x08000c73   Thumb Code     0  startup_stm32f10x_hd.o(.text)
    WWDG_IRQHandler                          0x08000c73   Thumb Code     0  startup_stm32f10x_hd.o(.text)
    __user_initial_stackheap                 0x08000c75   Thumb Code     0  startup_stm32f10x_hd.o(.text)
    SystemInit                               0x08000d77   Thumb Code    78  system_stm32f10x.o(.text)
    SystemCoreClockUpdate                    0x08000dc5   Thumb Code   142  system_stm32f10x.o(.text)
    __2printf                                0x08000e79   Thumb Code    20  noretval__2printf.o(.text)
    __aeabi_memclr4                          0x08000e91   Thumb Code     0  rt_memclr_w.o(.text)
    __aeabi_memclr8                          0x08000e91   Thumb Code     0  rt_memclr_w.o(.text)
    __rt_memclr_w                            0x08000e91   Thumb Code    78  rt_memclr_w.o(.text)
    _memset_w                                0x08000e95   Thumb Code     0  rt_memclr_w.o(.text)
    __use_two_region_memory                  0x08000edf   Thumb Code     2  heapauxi.o(.text)
    __rt_heap_escrow                         0x08000ee1   Thumb Code     2  heapauxi.o(.text)
    __rt_heap_expand                         0x08000ee3   Thumb Code     2  heapauxi.o(.text)
    _printf_char_file                        0x08000ee5   Thumb Code    32  _printf_char_file.o(.text)
    _printf_char_common                      0x08000f13   Thumb Code    32  _printf_char_common.o(.text)
    ferror                                   0x08000f39   Thumb Code     8  ferror.o(.text)
    _initio                                  0x08000f41   Thumb Code   210  initio.o(.text)
    _terminateio                             0x08001013   Thumb Code    56  initio.o(.text)
    _sys_open                                0x08001079   Thumb Code    20  sys_io.o(.text)
    _sys_close                               0x0800108d   Thumb Code    12  sys_io.o(.text)
    _sys_write                               0x08001099   Thumb Code    16  sys_io.o(.text)
    _sys_read                                0x080010a9   Thumb Code    14  sys_io.o(.text)
    _sys_istty                               0x080010b7   Thumb Code    12  sys_io.o(.text)
    _sys_seek                                0x080010c3   Thumb Code    14  sys_io.o(.text)
    _sys_ensure                              0x080010d1   Thumb Code     2  sys_io.o(.text)
    _sys_flen                                0x080010d3   Thumb Code    12  sys_io.o(.text)
    __user_setup_stackheap                   0x080010df   Thumb Code    74  sys_stackheap_outer.o(.text)
    free                                     0x08001129   Thumb Code    78  h1_free.o(.text)
    __printf                                 0x08001177   Thumb Code    40  __printf_nopercent.o(.text)
    __flsbuf                                 0x0800119f   Thumb Code   470  flsbuf.o(.text)
    __flsbuf_byte                            0x0800119f   Thumb Code     0  flsbuf.o(.text)
    __flsbuf_wide                            0x0800119f   Thumb Code     0  flsbuf.o(.text)
    setvbuf                                  0x08001375   Thumb Code    70  setvbuf.o(.text)
    freopen                                  0x080013bd   Thumb Code   158  fopen.o(.text)
    fopen                                    0x0800145b   Thumb Code    74  fopen.o(.text)
    _fclose_internal                         0x080014a9   Thumb Code    76  fclose.o(.text)
    fclose                                   0x080014a9   Thumb Code     0  fclose.o(.text)
    exit                                     0x080014f5   Thumb Code    18  exit.o(.text)
    __rt_SIGRTRED                            0x08001507   Thumb Code    14  defsig_rtred_outer.o(.text)
    __user_libspace                          0x08001515   Thumb Code     8  libspace.o(.text)
    __user_perproc_libspace                  0x08001515   Thumb Code     0  libspace.o(.text)
    __user_perthread_libspace                0x08001515   Thumb Code     0  libspace.o(.text)
    __I$use$semihosting                      0x0800151d   Thumb Code     0  use_no_semi.o(.text)
    __use_no_semihosting_swi                 0x0800151d   Thumb Code     2  use_no_semi.o(.text)
    __semihosting_library_function           0x0800151f   Thumb Code     0  indicate_semi.o(.text)
    __rt_heap_descriptor                     0x08001521   Thumb Code     8  rt_heap_descriptor_intlibspace.o(.text)
    __use_no_heap                            0x08001529   Thumb Code     2  hguard.o(.text)
    __heap$guard                             0x0800152b   Thumb Code     2  hguard.o(.text)
    _terminate_user_alloc                    0x0800152d   Thumb Code     2  init_alloc.o(.text)
    _init_user_alloc                         0x0800152f   Thumb Code     2  init_alloc.o(.text)
    __Heap_Full                              0x08001531   Thumb Code    34  init_alloc.o(.text)
    __Heap_Broken                            0x08001553   Thumb Code     6  init_alloc.o(.text)
    _init_alloc                              0x08001559   Thumb Code    94  init_alloc.o(.text)
    malloc                                   0x080015b7   Thumb Code    94  h1_alloc.o(.text)
    _fseek                                   0x08001615   Thumb Code   242  fseek.o(.text)
    fseek                                    0x08001615   Thumb Code     0  fseek.o(.text)
    _seterr                                  0x0800170d   Thumb Code    20  stdio.o(.text)
    _writebuf                                0x08001721   Thumb Code    84  stdio.o(.text)
    _fflush                                  0x08001775   Thumb Code    70  stdio.o(.text)
    _deferredlazyseek                        0x080017bb   Thumb Code    60  stdio.o(.text)
    __sig_exit                               0x080017fd   Thumb Code    10  defsig_exit.o(.text)
    __rt_SIGRTRED_inner                      0x08001809   Thumb Code    14  defsig_rtred_inner.o(.text)
    strlen                                   0x0800183d   Thumb Code    62  strlen.o(.text)
    _sys_exit                                0x0800187d   Thumb Code     8  sys_exit.o(.text)
    __Heap_Initialize                        0x08001889   Thumb Code    10  h1_init.o(.text)
    __Heap_DescSize                          0x08001893   Thumb Code     4  h1_init.o(.text)
    __Heap_ProvideMemory                     0x08001897   Thumb Code    52  h1_extend.o(.text)
    _ftell_internal                          0x080018cb   Thumb Code    66  ftell.o(.text)
    ftell                                    0x080018cb   Thumb Code     0  ftell.o(.text)
    __default_signal_display                 0x0800190d   Thumb Code    50  defsig_general.o(.text)
    __rt_SIGRTMEM                            0x0800193f   Thumb Code    14  defsig_rtmem_outer.o(.text)
    _ttywrch                                 0x0800194d   Thumb Code    14  sys_wrch.o(.text)
    __aeabi_errno_addr                       0x0800195d   Thumb Code     8  rt_errno_addr_intlibspace.o(.text)
    __errno$intlibspace                      0x0800195d   Thumb Code     0  rt_errno_addr_intlibspace.o(.text)
    __rt_errno_addr$intlibspace              0x0800195d   Thumb Code     0  rt_errno_addr_intlibspace.o(.text)
    __rt_SIGRTMEM_inner                      0x08001965   Thumb Code    22  defsig_rtmem_inner.o(.text)
    fputc                                    0x080019b5   Thumb Code    26  fputc.o(i.fputc)
    __stdin_name                             0x08001ace   Data           4  sys_io.o(.constdata)
    __stdout_name                            0x08001ad2   Data           4  sys_io.o(.constdata)
    __stderr_name                            0x08001ad6   Data           4  sys_io.o(.constdata)
    Region$$Table$$Base                      0x08001adc   Number         0  anon$$obj.o(Region$$Table)
    Region$$Table$$Limit                     0x08001afc   Number         0  anon$$obj.o(Region$$Table)
    currentTask                              0x20000000   Data           4  main.o(.data)
    nextTask                                 0x20000004   Data           4  main.o(.data)
    idleTask                                 0x20000008   Data           4  main.o(.data)
    taskPrioBitmap                           0x2000000c   Data           4  main.o(.data)
    schedLockCount                           0x20000010   Data           1  main.o(.data)
    tickCount                                0x20000014   Data           4  main.o(.data)
    idleCount                                0x20000018   Data           4  main.o(.data)
    idleMaxCount                             0x2000001c   Data           4  main.o(.data)
    task1Flag                                0x20000020   Data           4  app.o(.data)
    task2Flag                                0x20000024   Data           4  app.o(.data)
    task3Flag                                0x20000028   Data           4  app.o(.data)
    task4Flag                                0x2000002c   Data           4  app.o(.data)
    SystemCoreClock                          0x20000030   Data           4  system_stm32f10x.o(.data)
    AHBPrescTable                            0x20000034   Data          16  system_stm32f10x.o(.data)
    __aeabi_stdin                            0x20000044   Data           4  stdio_streams.o(.data)
    __aeabi_stdout                           0x20000048   Data           4  stdio_streams.o(.data)
    __aeabi_stderr                           0x2000004c   Data           4  stdio_streams.o(.data)
    taskTable                                0x20000050   Data         384  main.o(.bss)
    tTaskDelayedList                         0x200001d0   Data          12  main.o(.bss)
    tTaskIdle                                0x200001dc   Data          80  main.o(.bss)
    idleTaskEnv                              0x2000022c   Data        4096  main.o(.bss)
    tTask1                                   0x2000122c   Data          80  app.o(.bss)
    tTask2                                   0x2000127c   Data          80  app.o(.bss)
    tTask3                                   0x200012cc   Data          80  app.o(.bss)
    tTask4                                   0x2000131c   Data          80  app.o(.bss)
    task1Env                                 0x2000136c   Data        4096  app.o(.bss)
    task2Env                                 0x2000236c   Data        4096  app.o(.bss)
    task3Env                                 0x2000336c   Data        4096  app.o(.bss)
    task4Env                                 0x2000436c   Data        4096  app.o(.bss)
    __stdin                                  0x2000536c   Data          84  stdio_streams.o(.bss)
    __stdout                                 0x200053c0   Data          84  stdio_streams.o(.bss)
    __stderr                                 0x20005414   Data          84  stdio_streams.o(.bss)
    __libspace_start                         0x20005468   Data          96  libspace.o(.bss)
    __temporary_stack_top$libspace           0x200054c8   Data           0  libspace.o(.bss)



==============================================================================

Memory Map of the image

  Image Entry point : 0x08000131

  Load Region LR_IROM1 (Base: 0x08000000, Size: 0x00001b4c, Max: 0x00040000, ABSOLUTE)

    Execution Region ER_IROM1 (Base: 0x08000000, Size: 0x00001afc, Max: 0x00040000, ABSOLUTE)

    Base Addr    Size         Type   Attr      Idx    E Section Name        Object

    0x08000000   0x00000130   Data   RO          314    RESET               startup_stm32f10x_hd.o
    0x08000130   0x00000008   Code   RO          359  * !!!main             c_w.l(__main.o)
    0x08000138   0x00000034   Code   RO          705    !!!scatter          c_w.l(__scatter.o)
    0x0800016c   0x0000001a   Code   RO          707    !!handler_copy      c_w.l(__scatter_copy.o)
    0x08000186   0x00000002   PAD
    0x08000188   0x0000001c   Code   RO          709    !!handler_zi        c_w.l(__scatter_zi.o)
    0x080001a4   0x00000002   Code   RO          492    .ARM.Collect$$libinit$$00000000  c_w.l(libinit.o)
    0x080001a6   0x00000000   Code   RO          494    .ARM.Collect$$libinit$$00000002  c_w.l(libinit2.o)
    0x080001a6   0x00000000   Code   RO          496    .ARM.Collect$$libinit$$00000004  c_w.l(libinit2.o)
    0x080001a6   0x00000008   Code   RO          497    .ARM.Collect$$libinit$$00000005  c_w.l(libinit2.o)
    0x080001ae   0x00000000   Code   RO          499    .ARM.Collect$$libinit$$0000000A  c_w.l(libinit2.o)
    0x080001ae   0x00000000   Code   RO          501    .ARM.Collect$$libinit$$0000000C  c_w.l(libinit2.o)
    0x080001ae   0x00000000   Code   RO          503    .ARM.Collect$$libinit$$0000000E  c_w.l(libinit2.o)
    0x080001ae   0x00000000   Code   RO          506    .ARM.Collect$$libinit$$00000011  c_w.l(libinit2.o)
    0x080001ae   0x00000000   Code   RO          508    .ARM.Collect$$libinit$$00000013  c_w.l(libinit2.o)
    0x080001ae   0x00000000   Code   RO          510    .ARM.Collect$$libinit$$00000015  c_w.l(libinit2.o)
    0x080001ae   0x00000000   Code   RO          512    .ARM.Collect$$libinit$$00000017  c_w.l(libinit2.o)
    0x080001ae   0x00000000   Code   RO          514    .ARM.Collect$$libinit$$00000019  c_w.l(libinit2.o)
    0x080001ae   0x00000000   Code   RO          516    .ARM.Collect$$libinit$$0000001B  c_w.l(libinit2.o)
    0x080001ae   0x00000000   Code   RO          518    .ARM.Collect$$libinit$$0000001D  c_w.l(libinit2.o)
    0x080001ae   0x00000000   Code   RO          520    .ARM.Collect$$libinit$$0000001F  c_w.l(libinit2.o)
    0x080001ae   0x00000000   Code   RO          522    .ARM.Collect$$libinit$$00000021  c_w.l(libinit2.o)
    0x080001ae   0x00000000   Code   RO          524    .ARM.Collect$$libinit$$00000023  c_w.l(libinit2.o)
    0x080001ae   0x00000004   Code   RO          525    .ARM.Collect$$libinit$$00000024  c_w.l(libinit2.o)
    0x080001b2   0x00000000   Code   RO          526    .ARM.Collect$$libinit$$00000025  c_w.l(libinit2.o)
    0x080001b2   0x00000000   Code   RO          530    .ARM.Collect$$libinit$$0000002C  c_w.l(libinit2.o)
    0x080001b2   0x00000000   Code   RO          532    .ARM.Collect$$libinit$$0000002E  c_w.l(libinit2.o)
    0x080001b2   0x00000000   Code   RO          534    .ARM.Collect$$libinit$$00000030  c_w.l(libinit2.o)
    0x080001b2   0x00000000   Code   RO          536    .ARM.Collect$$libinit$$00000032  c_w.l(libinit2.o)
    0x080001b2   0x00000002   Code   RO          537    .ARM.Collect$$libinit$$00000033  c_w.l(libinit2.o)
    0x080001b4   0x00000002   Code   RO          684    .ARM.Collect$$libshutdown$$00000000  c_w.l(libshutdown.o)
    0x080001b6   0x00000000   Code   RO          539    .ARM.Collect$$libshutdown$$00000002  c_w.l(libshutdown2.o)
    0x080001b6   0x00000004   Code   RO          540    .ARM.Collect$$libshutdown$$00000003  c_w.l(libshutdown2.o)
    0x080001ba   0x00000000   Code   RO          541    .ARM.Collect$$libshutdown$$00000004  c_w.l(libshutdown2.o)
    0x080001ba   0x00000000   Code   RO          544    .ARM.Collect$$libshutdown$$00000007  c_w.l(libshutdown2.o)
    0x080001ba   0x00000000   Code   RO          547    .ARM.Collect$$libshutdown$$0000000A  c_w.l(libshutdown2.o)
    0x080001ba   0x00000000   Code   RO          549    .ARM.Collect$$libshutdown$$0000000C  c_w.l(libshutdown2.o)
    0x080001ba   0x00000000   Code   RO          552    .ARM.Collect$$libshutdown$$0000000F  c_w.l(libshutdown2.o)
    0x080001ba   0x00000002   Code   RO          553    .ARM.Collect$$libshutdown$$00000010  c_w.l(libshutdown2.o)
    0x080001bc   0x00000000   Code   RO          361    .ARM.Collect$$rtentry$$00000000  c_w.l(__rtentry.o)
    0x080001bc   0x00000000   Code   RO          371    .ARM.Collect$$rtentry$$00000002  c_w.l(__rtentry2.o)
    0x080001bc   0x00000006   Code   RO          383    .ARM.Collect$$rtentry$$00000004  c_w.l(__rtentry4.o)
    0x080001c2   0x00000000   Code   RO          373    .ARM.Collect$$rtentry$$00000009  c_w.l(__rtentry2.o)
    0x080001c2   0x00000004   Code   RO          374    .ARM.Collect$$rtentry$$0000000A  c_w.l(__rtentry2.o)
    0x080001c6   0x00000000   Code   RO          376    .ARM.Collect$$rtentry$$0000000C  c_w.l(__rtentry2.o)
    0x080001c6   0x00000008   Code   RO          377    .ARM.Collect$$rtentry$$0000000D  c_w.l(__rtentry2.o)
    0x080001ce   0x00000002   Code   RO          562    .ARM.Collect$$rtexit$$00000000  c_w.l(rtexit.o)
    0x080001d0   0x00000000   Code   RO          620    .ARM.Collect$$rtexit$$00000002  c_w.l(rtexit2.o)
    0x080001d0   0x00000004   Code   RO          621    .ARM.Collect$$rtexit$$00000003  c_w.l(rtexit2.o)
    0x080001d4   0x00000006   Code   RO          622    .ARM.Collect$$rtexit$$00000004  c_w.l(rtexit2.o)
    0x080001da   0x00000002   PAD
    0x080001dc   0x00000030   Code   RO           97    .emb_text           switch.o
    0x0800020c   0x00000000   Code   RO          626    .emb_text           c_w.l(maybetermalloc1.o)
    0x0800020c   0x000002f8   Code   RO            4    .text               main.o
    0x08000504   0x00000040   Code   RO           98    .text               switch.o
    0x08000544   0x0000007c   Code   RO          129    .text               tbitmap.o
    0x080005c0   0x000000dc   Code   RO          142    .text               tlist.o
    0x0800069c   0x00000120   Code   RO          154    .text               app.o
    0x080007bc   0x00000064   Code   RO          173    .text               tcpu.o
    0x08000820   0x00000268   Code   RO          198    .text               ttask.o
    0x08000a88   0x0000002c   Code   RO          210    .text               ttime.o
    0x08000ab4   0x0000019c   Code   RO          222    .text               tevent.o
    0x08000c50   0x00000008   Code   RO          270    .text               thooks.o
    0x08000c58   0x00000040   Code   RO          315    .text               startup_stm32f10x_hd.o
    0x08000c98   0x000001e0   Code   RO          322    .text               system_stm32f10x.o
    0x08000e78   0x00000018   Code   RO          353    .text               c_w.l(noretval__2printf.o)
    0x08000e90   0x0000004e   Code   RO          355    .text               c_w.l(rt_memclr_w.o)
    0x08000ede   0x00000006   Code   RO          357    .text               c_w.l(heapauxi.o)
    0x08000ee4   0x00000024   Code   RO          362    .text               c_w.l(_printf_char_file.o)
    0x08000f08   0x00000030   Code   RO          385    .text               c_w.l(_printf_char_common.o)
    0x08000f38   0x00000008   Code   RO          387    .text               c_w.l(ferror.o)
    0x08000f40   0x00000138   Code   RO          393    .text               c_w.l(initio.o)
    0x08001078   0x00000066   Code   RO          401    .text               c_w.l(sys_io.o)
    0x080010de   0x0000004a   Code   RO          408    .text               c_w.l(sys_stackheap_outer.o)
    0x08001128   0x0000004e   Code   RO          412    .text               c_w.l(h1_free.o)
    0x08001176   0x00000028   Code   RO          466    .text               c_w.l(__printf_nopercent.o)
    0x0800119e   0x000001d6   Code   RO          468    .text               c_w.l(flsbuf.o)
    0x08001374   0x00000046   Code   RO          470    .text               c_w.l(setvbuf.o)
    0x080013ba   0x00000002   PAD
    0x080013bc   0x000000ec   Code   RO          473    .text               c_w.l(fopen.o)
    0x080014a8   0x0000004c   Code   RO          475    .text               c_w.l(fclose.o)
    0x080014f4   0x00000012   Code   RO          481    .text               c_w.l(exit.o)
    0x08001506   0x0000000e   Code   RO          483    .text               c_w.l(defsig_rtred_outer.o)
    0x08001514   0x00000008   Code   RO          556    .text               c_w.l(libspace.o)
    0x0800151c   0x00000002   Code   RO          559    .text               c_w.l(use_no_semi.o)
    0x0800151e   0x00000000   Code   RO          561    .text               c_w.l(indicate_semi.o)
    0x0800151e   0x00000002   PAD
    0x08001520   0x00000008   Code   RO          569    .text               c_w.l(rt_heap_descriptor_intlibspace.o)
    0x08001528   0x00000004   Code   RO          571    .text               c_w.l(hguard.o)
    0x0800152c   0x0000008a   Code   RO          573    .text               c_w.l(init_alloc.o)
    0x080015b6   0x0000005e   Code   RO          579    .text               c_w.l(h1_alloc.o)
    0x08001614   0x000000f8   Code   RO          595    .text               c_w.l(fseek.o)
    0x0800170c   0x000000f0   Code   RO          597    .text               c_w.l(stdio.o)
    0x080017fc   0x0000000a   Code   RO          603    .text               c_w.l(defsig_exit.o)
    0x08001806   0x00000002   PAD
    0x08001808   0x00000034   Code   RO          605    .text               c_w.l(defsig_rtred_inner.o)
    0x0800183c   0x0000003e   Code   RO          609    .text               c_w.l(strlen.o)
    0x0800187a   0x00000002   PAD
    0x0800187c   0x0000000c   Code   RO          617    .text               c_w.l(sys_exit.o)
    0x08001888   0x0000000e   Code   RO          628    .text               c_w.l(h1_init.o)
    0x08001896   0x00000034   Code   RO          630    .text               c_w.l(h1_extend.o)
    0x080018ca   0x00000042   Code   RO          640    .text               c_w.l(ftell.o)
    0x0800190c   0x00000032   Code   RO          648    .text               c_w.l(defsig_general.o)
    0x0800193e   0x0000000e   Code   RO          650    .text               c_w.l(defsig_rtmem_outer.o)
    0x0800194c   0x0000000e   Code   RO          665    .text               c_w.l(sys_wrch.o)
    0x0800195a   0x00000002   PAD
    0x0800195c   0x00000008   Code   RO          672    .text               c_w.l(rt_errno_addr_intlibspace.o)
    0x08001964   0x00000050   Code   RO          678    .text               c_w.l(defsig_rtmem_inner.o)
    0x080019b4   0x0000001a   Code   RO          390    i.fputc             c_w.l(fputc.o)
    0x080019ce   0x00000100   Data   RO          130    .constdata          tbitmap.o
    0x08001ace   0x00000004   Data   RO          402    .constdata          c_w.l(sys_io.o)
    0x08001ad2   0x00000004   Data   RO          403    .constdata          c_w.l(sys_io.o)
    0x08001ad6   0x00000004   Data   RO          404    .constdata          c_w.l(sys_io.o)
    0x08001ada   0x00000002   PAD
    0x08001adc   0x00000020   Data   RO          703    Region$$Table       anon$$obj.o


    Execution Region RW_IRAM1 (Base: 0x20000000, Size: 0x00005ac8, Max: 0x0000c000, ABSOLUTE)

    Base Addr    Size         Type   Attr      Idx    E Section Name        Object

    0x20000000   0x00000020   Data   RW            6    .data               main.o
    0x20000020   0x00000010   Data   RW          156    .data               app.o
    0x20000030   0x00000014   Data   RW          323    .data               system_stm32f10x.o
    0x20000044   0x00000004   Data   RW          367    .data               c_w.l(stdio_streams.o)
    0x20000048   0x00000004   Data   RW          368    .data               c_w.l(stdio_streams.o)
    0x2000004c   0x00000004   Data   RW          369    .data               c_w.l(stdio_streams.o)
    0x20000050   0x000011dc   Zero   RW            5    .bss                main.o
    0x2000122c   0x00004140   Zero   RW          155    .bss                app.o
    0x2000536c   0x00000054   Zero   RW          364    .bss                c_w.l(stdio_streams.o)
    0x200053c0   0x00000054   Zero   RW          365    .bss                c_w.l(stdio_streams.o)
    0x20005414   0x00000054   Zero   RW          366    .bss                c_w.l(stdio_streams.o)
    0x20005468   0x00000060   Zero   RW          557    .bss                c_w.l(libspace.o)
    0x200054c8   0x00000200   Zero   RW          313    HEAP                startup_stm32f10x_hd.o
    0x200056c8   0x00000400   Zero   RW          312    STACK               startup_stm32f10x_hd.o


==============================================================================

Image component sizes


      Code (inc. data)   RO Data    RW Data    ZI Data      Debug   Object Name

       288         70          0         16      16704       2041   app.o
       760         40          0         32       4572     214707   main.o
        64         26        304          0       1536        872   startup_stm32f10x_hd.o
       112         14          0          0          0       4357   switch.o
       480         38          0         20          0       2127   system_stm32f10x.o
       124          4        256          0          0       1777   tbitmap.o
       100         14          0          0          0      22999   tcpu.o
       412          0          0          0          0       3151   tevent.o
         8          0          0          0          0       1314   thooks.o
       220          0          0          0          0       3397   tlist.o
       616          6          0          0          0       3139   ttask.o
        44          4          0          0          0        585   ttime.o

    ----------------------------------------------------------------------
      3228        216        592         68      22812     260466   Object Totals
         0          0         32          0          0          0   (incl. Generated)
         0          0          0          0          0          0   (incl. Padding)

    ----------------------------------------------------------------------

      Code (inc. data)   RO Data    RW Data    ZI Data      Debug   Library Member Name

         8          0          0          0          0         68   __main.o
        40          0          0          0          0         84   __printf_nopercent.o
         0          0          0          0          0          0   __rtentry.o
        12          0          0          0          0          0   __rtentry2.o
         6          0          0          0          0          0   __rtentry4.o
        52          8          0          0          0          0   __scatter.o
        26          0          0          0          0          0   __scatter_copy.o
        28          0          0          0          0          0   __scatter_zi.o
        48          6          0          0          0         96   _printf_char_common.o
        36          4          0          0          0         80   _printf_char_file.o
        10          0          0          0          0         68   defsig_exit.o
        50          0          0          0          0         88   defsig_general.o
        80         58          0          0          0         76   defsig_rtmem_inner.o
        14          0          0          0          0         80   defsig_rtmem_outer.o
        52         38          0          0          0         76   defsig_rtred_inner.o
        14          0          0          0          0         80   defsig_rtred_outer.o
        18          0          0          0          0         80   exit.o
        76          0          0          0          0         88   fclose.o
         8          0          0          0          0         68   ferror.o
       470          0          0          0          0         88   flsbuf.o
       236          4          0          0          0        128   fopen.o
        26          0          0          0          0         68   fputc.o
       248          6          0          0          0         84   fseek.o
        66          0          0          0          0         76   ftell.o
        94          0          0          0          0         80   h1_alloc.o
        52          0          0          0          0         68   h1_extend.o
        78          0          0          0          0         80   h1_free.o
        14          0          0          0          0         84   h1_init.o
         6          0          0          0          0        152   heapauxi.o
         4          0          0          0          0        136   hguard.o
         0          0          0          0          0          0   indicate_semi.o
       138          0          0          0          0        168   init_alloc.o
       312         46          0          0          0        112   initio.o
         2          0          0          0          0          0   libinit.o
        14          0          0          0          0          0   libinit2.o
         2          0          0          0          0          0   libshutdown.o
         6          0          0          0          0          0   libshutdown2.o
         8          4          0          0         96         68   libspace.o
         0          0          0          0          0          0   maybetermalloc1.o
        24          4          0          0          0         84   noretval__2printf.o
         8          4          0          0          0         68   rt_errno_addr_intlibspace.o
         8          4          0          0          0         68   rt_heap_descriptor_intlibspace.o
        78          0          0          0          0         80   rt_memclr_w.o
         2          0          0          0          0          0   rtexit.o
        10          0          0          0          0          0   rtexit2.o
        70          0          0          0          0         80   setvbuf.o
       240          6          0          0          0        156   stdio.o
         0          0          0         12        252          0   stdio_streams.o
        62          0          0          0          0         76   strlen.o
        12          4          0          0          0         68   sys_exit.o
       102          0         12          0          0        240   sys_io.o
        74          0          0          0          0         80   sys_stackheap_outer.o
        14          0          0          0          0         76   sys_wrch.o
         2          0          0          0          0         68   use_no_semi.o

    ----------------------------------------------------------------------
      3074        196         14         12        348       3568   Library Totals
        14          0          2          0          0          0   (incl. Padding)

    ----------------------------------------------------------------------

      Code (inc. data)   RO Data    RW Data    ZI Data      Debug   Library Name

      3060        196         12         12        348       3568   c_w.l

    ----------------------------------------------------------------------
      3074        196         14         12        348       3568   Library Totals

    ----------------------------------------------------------------------

==============================================================================


      Code (inc. data)   RO Data    RW Data    ZI Data      Debug   

      6302        412        606         80      23160     261170   Grand Totals
      6302        412        606         80      23160     261170   ELF Image Totals
      6302        412        606         80          0          0   ROM Totals

==============================================================================

    Total RO  Size (Code + RO Data)                 6908 (   6.75kB)
    Total RW  Size (RW Data + ZI Data)             23240 (  22.70kB)
    Total ROM Size (Code + RO Data + RW Data)       6988 (   6.82kB)

==============================================================================

